<html>
<body>
<pre>
<h1>µVision Build Log</h1>
<h2>Project:</h2>
D:\project\PROJECT.uvproj
Project File Date:  05/11/2023

<h2>Output:</h2>
Build target 'Target 1'
compiling GPS.c...
compiling LCD.c...
LCD.c(75): warning:  #223-D: function "sprintf" declared implicitly
      sprintf(char_array, "%f", value);                               
LCD.c: 1 warning, 0 errors
compiling main.c...
linking...
Program Size: Code=17692 RO-data=1692 RW-data=68 ZI-data=964  
".\PROJECT.axf" - 0 Error(s), 1 Warning(s).
</pre>
</body>
</html>
