ARM Linker, 5.03 [Build 76] [MDK-ARM Lite]

==============================================================================

Section Cross References

    startup_tm4c123.o(STACK) refers (Special) to heapauxi.o(.text) for __use_two_region_memory
    startup_tm4c123.o(HEAP) refers (Special) to heapauxi.o(.text) for __use_two_region_memory
    startup_tm4c123.o(RESET) refers (Special) to heapauxi.o(.text) for __use_two_region_memory
    startup_tm4c123.o(RESET) refers to startup_tm4c123.o(STACK) for __initial_sp
    startup_tm4c123.o(RESET) refers to startup_tm4c123.o(.text) for Reset_Handler
    startup_tm4c123.o(.text) refers (Special) to heapauxi.o(.text) for __use_two_region_memory
    startup_tm4c123.o(.text) refers to __main.o(!!!main) for __main
    startup_tm4c123.o(.text) refers to startup_tm4c123.o(HEAP) for Heap_Mem
    startup_tm4c123.o(.text) refers to startup_tm4c123.o(STACK) for Stack_Mem
    gps.o(.text) refers to f2d.o(x$fpl$f2d) for __aeabi_f2d
    gps.o(.text) refers to dmul.o(x$fpl$dmul) for __aeabi_dmul
    gps.o(.text) refers to ddiv.o(x$fpl$ddiv) for __aeabi_ddiv
    gps.o(.text) refers to d2f.o(x$fpl$d2f) for __aeabi_d2f
    gps.o(.text) refers to daddsub_clz.o(x$fpl$dsub) for __aeabi_dsub
    gps.o(.text) refers to sin.o(i.sin) for sin
    gps.o(.text) refers to pow.o(i.pow) for pow
    gps.o(.text) refers to cos.o(i.cos) for cos
    gps.o(.text) refers to daddsub_clz.o(x$fpl$dadd) for __aeabi_dadd
    gps.o(.text) refers to faddsub_clz.o(x$fpl$fsub) for __aeabi_fsub
    gps.o(.text) refers to sqrt.o(i.sqrt) for sqrt
    gps.o(.text) refers to atan2.o(i.atan2) for atan2
    gps.o(.text) refers to fmul.o(x$fpl$fmul) for __aeabi_fmul
    gps.o(.text) refers to strtok.o(.text) for strtok
    gps.o(.text) refers to strcpy.o(.text) for strcpy
    gps.o(.text) refers to strcmpv7m.o(.text) for strcmp
    gps.o(.text) refers to atof.o(i.atof) for atof
    gps.o(.text) refers to gps.o(.data) for data
    gps.o(.text) refers to gps.o(.bss) for GPS_OUTPUT
    lcd.o(.text) refers to _printf_percent.o(.ARM.Collect$$_printf_percent$$00000000) for _printf_percent
    lcd.o(.text) refers to _printf_f.o(.ARM.Collect$$_printf_percent$$00000003) for _printf_f
    lcd.o(.text) refers to printf1.o(x$fpl$printf1) for _printf_fp_dec
    lcd.o(.text) refers to uart.o(.text) for systick_wait
    lcd.o(.text) refers to f2d.o(x$fpl$f2d) for __aeabi_f2d
    lcd.o(.text) refers to noretval__2sprintf.o(.text) for __2sprintf
    main.o(.text) refers to uart.o(.text) for initials_UART5
    main.o(.text) refers to gpio.o(.text) for initials_PORTF
    main.o(.text) refers to gps.o(.text) for GPS_read
    main.o(.text) refers to deqf.o(x$fpl$deqf) for __aeabi_cdcmpeq
    main.o(.text) refers to daddsub_clz.o(x$fpl$dadd) for __aeabi_dadd
    main.o(.text) refers to dleqf.o(x$fpl$dleqf) for __aeabi_cdcmple
    main.o(.text) refers to main.o(.bss) for current_position
    main.o(.text) refers to main.o(.data) for dist
    __2sprintf.o(.text) refers to _printf_char_common.o(.text) for _printf_char_common
    __2sprintf.o(.text) refers to _sputc.o(.text) for _sputc
    noretval__2sprintf.o(.text) refers to _printf_char_common.o(.text) for _printf_char_common
    noretval__2sprintf.o(.text) refers to _sputc.o(.text) for _sputc
    __printf.o(.text) refers to _printf_percent.o(.ARM.Collect$$_printf_percent$$00000000) for _printf_percent
    __printf_flags.o(.text) refers to _printf_percent.o(.ARM.Collect$$_printf_percent$$00000000) for _printf_percent
    __printf_flags.o(.text) refers to __printf_flags.o(.constdata) for .constdata
    __printf_ss.o(.text) refers to _printf_percent.o(.ARM.Collect$$_printf_percent$$00000000) for _printf_percent
    __printf_flags_ss.o(.text) refers to _printf_percent.o(.ARM.Collect$$_printf_percent$$00000000) for _printf_percent
    __printf_flags_ss.o(.text) refers to __printf_flags_ss.o(.constdata) for .constdata
    __printf_wp.o(.text) refers to __printf_wp.o(i._is_digit) for _is_digit
    __printf_wp.o(.text) refers to _printf_percent.o(.ARM.Collect$$_printf_percent$$00000000) for _printf_percent
    __printf_flags_wp.o(.text) refers to __printf_wp.o(i._is_digit) for _is_digit
    __printf_flags_wp.o(.text) refers to _printf_percent.o(.ARM.Collect$$_printf_percent$$00000000) for _printf_percent
    __printf_flags_wp.o(.text) refers to __printf_flags_wp.o(.constdata) for .constdata
    __printf_ss_wp.o(.text) refers to __printf_wp.o(i._is_digit) for _is_digit
    __printf_ss_wp.o(.text) refers to _printf_percent.o(.ARM.Collect$$_printf_percent$$00000000) for _printf_percent
    __printf_flags_ss_wp.o(.text) refers to __printf_wp.o(i._is_digit) for _is_digit
    __printf_flags_ss_wp.o(.text) refers to _printf_percent.o(.ARM.Collect$$_printf_percent$$00000000) for _printf_percent
    __printf_flags_ss_wp.o(.text) refers to __printf_flags_ss_wp.o(.constdata) for .constdata
    _printf_f.o(.ARM.Collect$$_printf_percent$$00000003) refers (Weak) to printf1.o(x$fpl$printf1) for _printf_fp_dec
[...]
    ../clib/angel/boardlib.s                 0x00000000   Number         0  boardshut.o ABSOLUTE
    ../clib/angel/boardlib.s                 0x00000000   Number         0  boardinit1.o ABSOLUTE
    ../clib/angel/boardlib.s                 0x00000000   Number         0  boardinit2.o ABSOLUTE
    ../clib/angel/boardlib.s                 0x00000000   Number         0  boardinit3.o ABSOLUTE
    ../clib/angel/handlers.s                 0x00000000   Number         0  __scatter_copy.o ABSOLUTE
    ../clib/angel/handlers.s                 0x00000000   Number         0  __scatter_zi.o ABSOLUTE
    ../clib/angel/kernel.s                   0x00000000   Number         0  rtentry2.o ABSOLUTE
    ../clib/angel/kernel.s                   0x00000000   Number         0  rtexit2.o ABSOLUTE
    ../clib/angel/kernel.s                   0x00000000   Number         0  rtentry.o ABSOLUTE
    ../clib/angel/kernel.s                   0x00000000   Number         0  rtexit.o ABSOLUTE
    ../clib/angel/kernel.s                   0x00000000   Number         0  rtentry4.o ABSOLUTE
    ../clib/angel/rt.s                       0x00000000   Number         0  rt_raise.o ABSOLUTE
    ../clib/angel/rt.s                       0x00000000   Number         0  rt_errno_addr_intlibspace.o ABSOLUTE
    ../clib/angel/rt.s                       0x00000000   Number         0  rt_ctype_table.o ABSOLUTE
    ../clib/angel/rt.s                       0x00000000   Number         0  rt_errno_addr.o ABSOLUTE
    ../clib/angel/rt.s                       0x00000000   Number         0  rt_locale.o ABSOLUTE
    ../clib/angel/rt.s                       0x00000000   Number         0  rt_locale_intlibspace.o ABSOLUTE
    ../clib/angel/scatter.s                  0x00000000   Number         0  __scatter.o ABSOLUTE
    ../clib/angel/startup.s                  0x00000000   Number         0  __main.o ABSOLUTE
    ../clib/angel/sys.s                      0x00000000   Number         0  indicate_semi.o ABSOLUTE
    ../clib/angel/sys.s                      0x00000000   Number         0  use_no_semi.o ABSOLUTE
    ../clib/angel/sys.s                      0x00000000   Number         0  libspace.o ABSOLUTE
    ../clib/angel/sys.s                      0x00000000   Number         0  sys_stackheap_outer.o ABSOLUTE
    ../clib/angel/sysapp.c                   0x00000000   Number         0  sys_command.o ABSOLUTE
    ../clib/angel/sysapp.c                   0x00000000   Number         0  sys_exit.o ABSOLUTE
    ../clib/angel/sysapp.c                   0x00000000   Number         0  sys_wrch.o ABSOLUTE
    ../clib/armsys.c                         0x00000000   Number         0  no_argv.o ABSOLUTE
    ../clib/armsys.c                         0x00000000   Number         0  _get_argv_nomalloc.o ABSOLUTE
    ../clib/armsys.c                         0x00000000   Number         0  argv_veneer.o ABSOLUTE
    ../clib/armsys.c                         0x00000000   Number         0  argv_veneer.o ABSOLUTE
    ../clib/bigflt.c                         0x00000000   Number         0  bigflt0.o ABSOLUTE
    ../clib/btod.s                           0x00000000   Number         0  btod.o ABSOLUTE
    ../clib/ctype.c                          0x00000000   Number         0  isspace.o ABSOLUTE
    ../clib/fenv.c                           0x00000000   Number         0  _rserrno.o ABSOLUTE
    ../clib/heapalloc.c                      0x00000000   Number         0  hrguard.o ABSOLUTE
    ../clib/heapaux.c                        0x00000000   Number         0  heapauxi.o ABSOLUTE
    ../clib/libinit.s                        0x00000000   Number         0  libinit.o ABSOLUTE
    ../clib/libinit.s                        0x00000000   Number         0  libinit2.o ABSOLUTE
    ../clib/libinit.s                        0x00000000   Number         0  libshutdown2.o ABSOLUTE
    ../clib/libinit.s                        0x00000000   Number         0  libshutdown.o ABSOLUTE
    ../clib/locale.s                         0x00000000   Number         0  lc_numeric_c.o ABSOLUTE
    ../clib/locale.s                         0x00000000   Number         0  lc_ctype_c.o ABSOLUTE
    ../clib/longlong.s                       0x00000000   Number         0  lludiv10.o ABSOLUTE
    ../clib/longlong.s                       0x00000000   Number         0  llshl.o ABSOLUTE
    ../clib/memcpset.s                       0x00000000   Number         0  strcmpv7m.o ABSOLUTE
    ../clib/printf.c                         0x00000000   Number         0  _printf_char_common.o ABSOLUTE
    ../clib/printf.c                         0x00000000   Number         0  __printf_ss_wp.o ABSOLUTE
    ../clib/printf.c                         0x00000000   Number         0  __printf_wp.o ABSOLUTE
    ../clib/printf.c                         0x00000000   Number         0  __printf_flags_ss.o ABSOLUTE
    ../clib/printf.c                         0x00000000   Number         0  __printf_flags_ss_wp.o ABSOLUTE
    ../clib/printf.c                         0x00000000   Number         0  __printf_ss.o ABSOLUTE
    ../clib/printf.c                         0x00000000   Number         0  __printf_flags.o ABSOLUTE
    ../clib/printf.c                         0x00000000   Number         0  noretval__2sprintf.o ABSOLUTE
    ../clib/printf.c                         0x00000000   Number         0  __2sprintf.o ABSOLUTE
    ../clib/printf.c                         0x00000000   Number         0  __printf_flags_wp.o ABSOLUTE
    ../clib/printf.c                         0x00000000   Number         0  _printf_fp_infnan.o ABSOLUTE
    ../clib/printf.c                         0x00000000   Number         0  __printf.o ABSOLUTE
    ../clib/printf.c                         0x00000000   Number         0  _sputc.o ABSOLUTE
    ../clib/printf.c                         0x00000000   Number         0  _printf_fp_dec.o ABSOLUTE
    ../clib/printf.c                         0x00000000   Number         0  __printf_nopercent.o ABSOLUTE
    ../clib/printf_percent.s                 0x00000000   Number         0  _printf_f.o ABSOLUTE
    ../clib/printf_percent.s                 0x00000000   Number         0  _printf_percent.o ABSOLUTE
    ../clib/printf_percent.s                 0x00000000   Number         0  _printf_percent_end.o ABSOLUTE
    ../clib/scanf.c                          0x00000000   Number         0  _chval.o ABSOLUTE
    ../clib/scanf.c                          0x00000000   Number         0  scanf_fp.o ABSOLUTE
    ../clib/scanf.c                          0x00000000   Number         0  strtod.o ABSOLUTE
    ../clib/scanf.c                          0x00000000   Number         0  _sgetc.o ABSOLUTE
    ../clib/scanf.c                          0x00000000   Number         0  scanf_infnan.o ABSOLUTE
    ../clib/scanf.c                          0x00000000   Number         0  scanf_hexfp.o ABSOLUTE
    ../clib/signal.c                         0x00000000   Number         0  defsig_other.o ABSOLUTE
    ../clib/signal.c                         0x00000000   Number         0  defsig_stak_inner.o ABSOLUTE
    ../clib/signal.c                         0x00000000   Number         0  defsig_rtred_inner.o ABSOLUTE
    ../clib/signal.c                         0x00000000   Number         0  defsig_fpe_inner.o ABSOLUTE
    ../clib/signal.c                         0x00000000   Number         0  defsig_abrt_inner.o ABSOLUTE
    ../clib/signal.c                         0x00000000   Number         0  defsig_rtmem_formal.o ABSOLUTE
    ../clib/signal.c                         0x00000000   Number         0  defsig_rtmem_inner.o ABSOLUTE
    ../clib/signal.c                         0x00000000   Number         0  defsig_general.o ABSOLUTE
    ../clib/signal.c                         0x00000000   Number         0  __raise.o ABSOLUTE
    ../clib/signal.c                         0x00000000   Number         0  defsig_exit.o ABSOLUTE
    ../clib/signal.c                         0x00000000   Number         0  defsig_rtmem_outer.o ABSOLUTE
    ../clib/signal.c                         0x00000000   Number         0  defsig_segv_inner.o ABSOLUTE
    ../clib/signal.c                         0x00000000   Number         0  defsig_cppl_inner.o ABSOLUTE
    ../clib/signal.c                         0x00000000   Number         0  defsig_pvfn_inner.o ABSOLUTE
    ../clib/signal.s                         0x00000000   Number         0  defsig.o ABSOLUTE
    ../clib/stdlib.c                         0x00000000   Number         0  exit.o ABSOLUTE
    ../clib/string.c                         0x00000000   Number         0  strcspn.o ABSOLUTE
    ../clib/string.c                         0x00000000   Number         0  strcpy.o ABSOLUTE
    ../clib/string.c                         0x00000000   Number         0  strtok.o ABSOLUTE
    ../clib/string.c                         0x00000000   Number         0  strspn.o ABSOLUTE
    ../clib/string.c                         0x00000000   Number         0  strtok_int.o ABSOLUTE
    ../fplib/d2f.s                           0x00000000   Number         0  d2f.o ABSOLUTE
    ../fplib/daddsub.s                       0x00000000   Number         0  daddsub_clz.o ABSOLUTE
    ../fplib/dcheck1.s                       0x00000000   Number         0  dcheck1.o ABSOLUTE
    ../fplib/dcmpi.s                         0x00000000   Number         0  dcmpi.o ABSOLUTE
    ../fplib/ddiv.s                          0x00000000   Number         0  ddiv.o ABSOLUTE
    ../fplib/deqf.s                          0x00000000   Number         0  deqf.o ABSOLUTE
    ../fplib/dfix.s                          0x00000000   Number         0  dfix.o ABSOLUTE
    ../fplib/dflt.s                          0x00000000   Number         0  dflt_clz.o ABSOLUTE
    ../fplib/dleqf.s                         0x00000000   Number         0  dleqf.o ABSOLUTE
    ../fplib/dmul.s                          0x00000000   Number         0  dmul.o ABSOLUTE
    ../fplib/dnaninf.s                       0x00000000   Number         0  dnaninf.o ABSOLUTE
    ../fplib/dretinf.s                       0x00000000   Number         0  dretinf.o ABSOLUTE
    ../fplib/drleqf.s                        0x00000000   Number         0  drleqf.o ABSOLUTE
    ../fplib/dsqrt.s                         0x00000000   Number         0  dsqrt_umaal.o ABSOLUTE
    ../fplib/f2d.s                           0x00000000   Number         0  f2d.o ABSOLUTE
    ../fplib/faddsub.s                       0x00000000   Number         0  faddsub_clz.o ABSOLUTE
    ../fplib/fmul.s                          0x00000000   Number         0  fmul.o ABSOLUTE
    ../fplib/fnaninf.s                       0x00000000   Number         0  fnaninf.o ABSOLUTE
    ../fplib/fpconst.s                       0x00000000   Number         0  fpconst.o ABSOLUTE
    ../fplib/fpinit.s                        0x00000000   Number         0  fpinit.o ABSOLUTE
    ../fplib/fretinf.s                       0x00000000   Number         0  fretinf.o ABSOLUTE
    ../fplib/istatus.s                       0x00000000   Number         0  istatus.o ABSOLUTE
    ../fplib/printf1.s                       0x00000000   Number         0  printf1.o ABSOLUTE
    ../fplib/retnan.s                        0x00000000   Number         0  retnan.o ABSOLUTE
    ../fplib/scalbn.s                        0x00000000   Number         0  scalbn.o ABSOLUTE
    ../fplib/scanf1.s                        0x00000000   Number         0  scanf1.o ABSOLUTE
    ../fplib/scanf2.s                        0x00000000   Number         0  scanf2.o ABSOLUTE
    ../fplib/scanf2a.s                       0x00000000   Number         0  scanf2a.o ABSOLUTE
    ../fplib/scanf2b.s                       0x00000000   Number         0  scanf2b.o ABSOLUTE
    ../fplib/trapv.s                         0x00000000   Number         0  trapv.o ABSOLUTE
    ../fplib/usenofp.s                       0x00000000   Number         0  usenofp.o ABSOLUTE
    ../mathlib/atan.c                        0x00000000   Number         0  atan.o ABSOLUTE
    ../mathlib/atan.c                        0x00000000   Number         0  atan_x.o ABSOLUTE
    ../mathlib/atan2.c                       0x00000000   Number         0  atan2.o ABSOLUTE
    ../mathlib/atan2.c                       0x00000000   Number         0  atan2_x.o ABSOLUTE
    ../mathlib/atof.c                        0x00000000   Number         0  atof.o ABSOLUTE
    ../mathlib/cos.c                         0x00000000   Number         0  cos.o ABSOLUTE
    ../mathlib/cos.c                         0x00000000   Number         0  cos_x.o ABSOLUTE
    ../mathlib/cos_i.c                       0x00000000   Number         0  cos_i.o ABSOLUTE
    ../mathlib/dunder.c                      0x00000000   Number         0  dunder.o ABSOLUTE
    ../mathlib/fpclassify.c                  0x00000000   Number         0  fpclassify.o ABSOLUTE
    ../mathlib/frexp.c                       0x00000000   Number         0  frexp.o ABSOLUTE
    ../mathlib/ldexp.c                       0x00000000   Number         0  ldexp.o ABSOLUTE
    ../mathlib/ldexp.c                       0x00000000   Number         0  ldexp_x.o ABSOLUTE
    ../mathlib/narrow.c                      0x00000000   Number         0  narrow.o ABSOLUTE
    ../mathlib/poly.c                        0x00000000   Number         0  poly.o ABSOLUTE
    ../mathlib/pow.c                         0x00000000   Number         0  pow.o ABSOLUTE
    ../mathlib/pow.c                         0x00000000   Number         0  pow_x.o ABSOLUTE
    ../mathlib/qnan.c                        0x00000000   Number         0  qnan.o ABSOLUTE
    ../mathlib/rred.c                        0x00000000   Number         0  rred.o ABSOLUTE
    ../mathlib/sin.c                         0x00000000   Number         0  sin.o ABSOLUTE
    ../mathlib/sin.c                         0x00000000   Number         0  sin_x.o ABSOLUTE
    ../mathlib/sin_i.c                       0x00000000   Number         0  sin_i_x.o ABSOLUTE
    ../mathlib/sin_i.c                       0x00000000   Number         0  sin_i.o ABSOLUTE
    ../mathlib/sqrt.c                        0x00000000   Number         0  sqrt.o ABSOLUTE
    ../mathlib/sqrt.c                        0x00000000   Number         0  sqrt_x.o ABSOLUTE
    GPIO.c                                   0x00000000   Number         0  gpio.o ABSOLUTE
    GPS.c                                    0x00000000   Number         0  gps.o ABSOLUTE
    LCD.c                                    0x00000000   Number         0  lcd.o ABSOLUTE
    UART.c                                   0x00000000   Number         0  uart.o ABSOLUTE
    dc.s                                     0x00000000   Number         0  dc.o ABSOLUTE
    main.c                                   0x00000000   Number         0  main.o ABSOLUTE
    startup_TM4C123.s                        0x00000000   Number         0  startup_tm4c123.o ABSOLUTE
    !!!main                                  0x0000026c   Section        8  __main.o(!!!main)
    !!!scatter                               0x00000274   Section       52  __scatter.o(!!!scatter)
    !!handler_copy                           0x000002a8   Section       26  __scatter_copy.o(!!handler_copy)
    !!handler_zi                             0x000002c4   Section       28  __scatter_zi.o(!!handler_zi)
    .ARM.Collect$$libinit$$00000000          0x000002e0   Section        2  libinit.o(.ARM.Collect$$libinit$$00000000)
    .ARM.Collect$$libinit$$00000002          0x000002e2   Section        0  libinit2.o(.ARM.Collect$$libinit$$00000002)
    .ARM.Collect$$libinit$$00000008          0x000002e2   Section        0  libinit2.o(.ARM.Collect$$libinit$$00000008)
    .ARM.Collect$$libinit$$0000000A          0x000002e2   Section        0  libinit2.o(.ARM.Collect$$libinit$$0000000A)
    .ARM.Collect$$libinit$$0000000C          0x000002e2   Section        0  libinit2.o(.ARM.Collect$$libinit$$0000000C)
    .ARM.Collect$$libinit$$0000000D          0x000002e2   Section        6  libinit2.o(.ARM.Collect$$libinit$$0000000D)
    .ARM.Collect$$libinit$$0000000F          0x000002e8   Section        0  libinit2.o(.ARM.Collect$$libinit$$0000000F)
    .ARM.Collect$$libinit$$00000010          0x000002e8   Section       12  libinit2.o(.ARM.Collect$$libinit$$00000010)
    .ARM.Collect$$libinit$$00000011          0x000002f4   Section        0  libinit2.o(.ARM.Collect$$libinit$$00000011)
    .ARM.Collect$$libinit$$00000013          0x000002f4   Section        0  libinit2.o(.ARM.Collect$$libinit$$00000013)
    .ARM.Collect$$libinit$$00000014          0x000002f4   Section       10  libinit2.o(.ARM.Collect$$libinit$$00000014)
    .ARM.Collect$$libinit$$00000015          0x000002fe   Section        0  libinit2.o(.ARM.Collect$$libinit$$00000015)
    .ARM.Collect$$libinit$$00000017          0x000002fe   Section        0  libinit2.o(.ARM.Collect$$libinit$$00000017)
    .ARM.Collect$$libinit$$00000019          0x000002fe   Section        0  libinit2.o(.ARM.Collect$$libinit$$00000019)
    .ARM.Collect$$libinit$$0000001B          0x000002fe   Section        0  libinit2.o(.ARM.Collect$$libinit$$0000001B)
    .ARM.Collect$$libinit$$0000001D          0x000002fe   Section        0  libinit2.o(.ARM.Collect$$libinit$$0000001D)
    .ARM.Collect$$libinit$$0000001F          0x000002fe   Section        0  libinit2.o(.ARM.Collect$$libinit$$0000001F)
    .ARM.Collect$$libinit$$00000021          0x000002fe   Section        0  libinit2.o(.ARM.Collect$$libinit$$00000021)
    .ARM.Collect$$libinit$$00000023          0x000002fe   Section        0  libinit2.o(.ARM.Collect$$libinit$$00000023)
    .ARM.Collect$$libinit$$0000002A          0x000002fe   Section        0  libinit2.o(.ARM.Collect$$libinit$$0000002A)
    .ARM.Collect$$libinit$$0000002C          0x000002fe   Section        0  libinit2.o(.ARM.Collect$$libinit$$0000002C)
    .ARM.Collect$$libinit$$0000002E          0x000002fe   Section        0  libinit2.o(.ARM.Collect$$libinit$$0000002E)
    .ARM.Collect$$libinit$$00000030          0x000002fe   Section        0  libinit2.o(.ARM.Collect$$libinit$$00000030)
    .ARM.Collect$$libinit$$00000031          0x000002fe   Section        2  libinit2.o(.ARM.Collect$$libinit$$00000031)
    .ARM.Collect$$libshutdown$$00000000      0x00000300   Section        2  libshutdown.o(.ARM.Collect$$libshutdown$$00000000)
    .ARM.Collect$$libshutdown$$00000003      0x00000302   Section        0  libshutdown2.o(.ARM.Collect$$libshutdown$$00000003)
    .ARM.Collect$$libshutdown$$00000006      0x00000302   Section        0  libshutdown2.o(.ARM.Collect$$libshutdown$$00000006)
    .ARM.Collect$$libshutdown$$00000009      0x00000302   Section        0  libshutdown2.o(.ARM.Collect$$libshutdown$$00000009)
    .ARM.Collect$$libshutdown$$0000000B      0x00000302   Section        0  libshutdown2.o(.ARM.Collect$$libshutdown$$0000000B)
    .ARM.Collect$$libshutdown$$0000000E      0x00000302   Section        0  libshutdown2.o(.ARM.Collect$$libshutdown$$0000000E)
    .ARM.Collect$$libshutdown$$0000000F      0x00000302   Section        2  libshutdown2.o(.ARM.Collect$$libshutdown$$0000000F)
    .ARM.Collect$$rtentry$$00000000          0x00000304   Section        0  rtentry.o(.ARM.Collect$$rtentry$$00000000)
    .ARM.Collect$$rtentry$$00000002          0x00000304   Section        0  rtentry2.o(.ARM.Collect$$rtentry$$00000002)
    .ARM.Collect$$rtentry$$00000004          0x00000304   Section        6  rtentry4.o(.ARM.Collect$$rtentry$$00000004)
    .ARM.Collect$$rtentry$$00000009          0x0000030a   Section        0  rtentry2.o(.ARM.Collect$$rtentry$$00000009)
    .ARM.Collect$$rtentry$$0000000A          0x0000030a   Section        4  rtentry2.o(.ARM.Collect$$rtentry$$0000000A)
    .ARM.Collect$$rtentry$$0000000C          0x0000030e   Section        0  rtentry2.o(.ARM.Collect$$rtentry$$0000000C)
    .ARM.Collect$$rtentry$$0000000D          0x0000030e   Section        8  rtentry2.o(.ARM.Collect$$rtentry$$0000000D)
    .ARM.Collect$$rtexit$$00000000           0x00000316   Section        2  rtexit.o(.ARM.Collect$$rtexit$$00000000)
    .ARM.Collect$$rtexit$$00000002           0x00000318   Section        0  rtexit2.o(.ARM.Collect$$rtexit$$00000002)
    .ARM.Collect$$rtexit$$00000003           0x00000318   Section        4  rtexit2.o(.ARM.Collect$$rtexit$$00000003)
    .ARM.Collect$$rtexit$$00000004           0x0000031c   Section        6  rtexit2.o(.ARM.Collect$$rtexit$$00000004)
    .text                                    0x00000324   Section      268  startup_tm4c123.o(.text)
    .text                                    0x00000430   Section        0  gps.o(.text)
    .text                                    0x0000075c   Section        0  main.o(.text)
    .text                                    0x000008a0   Section        0  gpio.o(.text)
    .text                                    0x00000938   Section        0  uart.o(.text)
    .text                                    0x00000af4   Section        0  strtok.o(.text)
    .text                                    0x00000b00   Section        0  strcpy.o(.text)
    .text                                    0x00000b48   Section      128  strcmpv7m.o(.text)
    .text                                    0x00000bc8   Section        0  heapauxi.o(.text)
    .text                                    0x00000bce   Section        0  _rserrno.o(.text)
    .text                                    0x00000be4   Section        0  strtod.o(.text)
    _local_sscanf                            0x00000be5   Thumb Code    60  strtod.o(.text)
    .text                                    0x00000c84   Section        0  strtok_int.o(.text)
    .text                                    0x00000cc8   Section        8  rt_locale_intlibspace.o(.text)
    .text                                    0x00000cd0   Section        8  rt_errno_addr_intlibspace.o(.text)
    .text                                    0x00000cd8   Section        0  isspace.o(.text)
    .text                                    0x00000cea   Section        0  _sgetc.o(.text)
    .text                                    0x00000d2c   Section        0  bigflt0.o(.text)
    .text                                    0x00000e10   Section        0  strcspn.o(.text)
    .text                                    0x00000e30   Section        0  strspn.o(.text)
    .text                                    0x00000e4c   Section        8  libspace.o(.text)
    .text                                    0x00000e54   Section       74  sys_stackheap_outer.o(.text)
    .text                                    0x00000ea0   Section       16  rt_ctype_table.o(.text)
    .text                                    0x00000eb0   Section        0  scanf_fp.o(.text)
    _fp_value                                0x00000eb1   Thumb Code   504  scanf_fp.o(.text)
    .text                                    0x00001354   Section        0  exit.o(.text)
    .text                                    0x00001360   Section        0  scanf_hexfp.o(.text)
    .text                                    0x00001674   Section        0  scanf_infnan.o(.text)
    .text                                    0x000017b0   Section        0  sys_exit.o(.text)
    .text                                    0x000017bc   Section       38  llshl.o(.text)
    .text                                    0x000017e2   Section        0  _chval.o(.text)
    .text                                    0x000017fe   Section        2  use_no_semi.o(.text)
    .text                                    0x00001800   Section        0  indicate_semi.o(.text)
    CL$$btod_div_common                      0x00001800   Section      824  btod.o(CL$$btod_div_common)
    CL$$btod_e2d                             0x00001b38   Section       84  btod.o(CL$$btod_e2d)
    CL$$btod_e2e                             0x00001b8c   Section      198  btod.o(CL$$btod_e2e)
    CL$$btod_ediv                            0x00001c52   Section       40  btod.o(CL$$btod_ediv)
    CL$$btod_edivd                           0x00001c7a   Section       40  btod.o(CL$$btod_edivd)
    CL$$btod_emul                            0x00001ca2   Section       40  btod.o(CL$$btod_emul)
    CL$$btod_emuld                           0x00001cca   Section       40  btod.o(CL$$btod_emuld)
    CL$$btod_mult_common                     0x00001cf2   Section      580  btod.o(CL$$btod_mult_common)
    i.__ARM_fpclassify                       0x00001f36   Section        0  fpclassify.o(i.__ARM_fpclassify)
    i.__ieee754_rem_pio2                     0x00001f60   Section        0  rred.o(i.__ieee754_rem_pio2)
    i.__kernel_cos                           0x000022e8   Section        0  cos_i.o(i.__kernel_cos)
    i.__kernel_poly                          0x000023e4   Section        0  poly.o(i.__kernel_poly)
    i.__kernel_sin                           0x00002490   Section        0  sin_i.o(i.__kernel_sin)
    i.__mathlib_dbl_underflow                0x0000257c   Section        0  dunder.o(i.__mathlib_dbl_underflow)
    i.__mathlib_narrow                       0x0000258c   Section        0  narrow.o(i.__mathlib_narrow)
    i.__mathlib_tofloat                      0x0000259c   Section        0  narrow.o(i.__mathlib_tofloat)
    i.__support_ldexp                        0x00002624   Section        0  ldexp.o(i.__support_ldexp)
    i._is_digit                              0x0000263a   Section        0  __printf_wp.o(i._is_digit)
    i.atan                                   0x00002648   Section        0  atan.o(i.atan)
    i.atan2                                  0x0000286c   Section        0  atan2.o(i.atan2)
    i.atof                                   0x000029ec   Section        0  atof.o(i.atof)
    i.cos                                    0x00002a18   Section        0  cos.o(i.cos)
    i.frexp                                  0x00002ac4   Section        0  frexp.o(i.frexp)
    i.ldexp                                  0x00002b1c   Section        0  ldexp.o(i.ldexp)
    i.pow                                    0x00002b9c   Section        0  pow.o(i.pow)
    i.sin                                    0x0000357c   Section        0  sin.o(i.sin)
    i.sqrt                                   0x0000362c   Section        0  sqrt.o(i.sqrt)
    locale$$code                             0x00003678   Section       44  lc_numeric_c.o(locale$$code)
    locale$$code                             0x000036a4   Section       44  lc_ctype_c.o(locale$$code)
    x$fpl$d2f                                0x000036d0   Section       98  d2f.o(x$fpl$d2f)
    x$fpl$dadd                               0x00003734   Section      336  daddsub_clz.o(x$fpl$dadd)
    _dadd1                                   0x00003745   Thumb Code     0  daddsub_clz.o(x$fpl$dadd)
    x$fpl$dcheck1                            0x00003884   Section       16  dcheck1.o(x$fpl$dcheck1)
    x$fpl$dcmpinf                            0x00003894   Section       24  dcmpi.o(x$fpl$dcmpinf)
    x$fpl$ddiv                               0x000038ac   Section      688  ddiv.o(x$fpl$ddiv)
    ddiv_entry                               0x000038b3   Thumb Code     0  ddiv.o(x$fpl$ddiv)
    x$fpl$deqf                               0x00003b5c   Section      120  deqf.o(x$fpl$deqf)
    x$fpl$dfix                               0x00003bd4   Section       94  dfix.o(x$fpl$dfix)
    x$fpl$dflt                               0x00003c32   Section       46  dflt_clz.o(x$fpl$dflt)
    x$fpl$dfltu                              0x00003c60   Section       38  dflt_clz.o(x$fpl$dfltu)
    x$fpl$dleqf                              0x00003c88   Section      120  dleqf.o(x$fpl$dleqf)
    x$fpl$dmul                               0x00003d00   Section      340  dmul.o(x$fpl$dmul)
    x$fpl$dnaninf                            0x00003e54   Section      156  dnaninf.o(x$fpl$dnaninf)
    x$fpl$dretinf                            0x00003ef0   Section       12  dretinf.o(x$fpl$dretinf)
    x$fpl$drleqf                             0x00003efc   Section      108  drleqf.o(x$fpl$drleqf)
    x$fpl$drsb                               0x00003f68   Section       22  daddsub_clz.o(x$fpl$drsb)
    x$fpl$dsqrt                              0x00003f80   Section      408  dsqrt_umaal.o(x$fpl$dsqrt)
    x$fpl$dsub                               0x00004118   Section      468  daddsub_clz.o(x$fpl$dsub)
    _dsub1                                   0x00004129   Thumb Code     0  daddsub_clz.o(x$fpl$dsub)
    x$fpl$f2d                                0x000042ec   Section       86  f2d.o(x$fpl$f2d)
    x$fpl$fadd                               0x00004344   Section      196  faddsub_clz.o(x$fpl$fadd)
    _fadd1                                   0x00004353   Thumb Code     0  faddsub_clz.o(x$fpl$fadd)
    x$fpl$fmul                               0x00004408   Section      258  fmul.o(x$fpl$fmul)
    x$fpl$fnaninf                            0x0000450a   Section      140  fnaninf.o(x$fpl$fnaninf)
    x$fpl$fretinf                            0x00004596   Section       10  fretinf.o(x$fpl$fretinf)
    x$fpl$fsub                               0x000045a0   Section      234  faddsub_clz.o(x$fpl$fsub)
    _fsub1                                   0x000045af   Thumb Code     0  faddsub_clz.o(x$fpl$fsub)
    x$fpl$retnan                             0x0000468a   Section      100  retnan.o(x$fpl$retnan)
    x$fpl$scalbn                             0x000046ee   Section       92  scalbn.o(x$fpl$scalbn)
    x$fpl$scanf1                             0x0000474a   Section        4  scanf1.o(x$fpl$scanf1)
    x$fpl$scanf2                             0x0000474e   Section        8  scanf2.o(x$fpl$scanf2)
    x$fpl$trapveneer                         0x00004756   Section       48  trapv.o(x$fpl$trapveneer)
    x$fpl$usenofp                            0x00004786   Section        0  usenofp.o(x$fpl$usenofp)
    .constdata                               0x00004788   Section      136  pow.o(.constdata)
    bp                                       0x00004788   Data          16  pow.o(.constdata)
    dp_h                                     0x00004798   Data          16  pow.o(.constdata)
    dp_l                                     0x000047a8   Data          16  pow.o(.constdata)
    L                                        0x000047b8   Data          48  pow.o(.constdata)
    P                                        0x000047e8   Data          40  pow.o(.constdata)
    .constdata                               0x00004810   Section      152  atan.o(.constdata)
    atanhi                                   0x00004810   Data          32  atan.o(.constdata)
    atanlo                                   0x00004830   Data          32  atan.o(.constdata)
    aTodd                                    0x00004850   Data          40  atan.o(.constdata)
    aTeven                                   0x00004878   Data          48  atan.o(.constdata)
    .constdata                               0x000048a8   Section       48  cos_i.o(.constdata)
    C                                        0x000048a8   Data          48  cos_i.o(.constdata)
    .constdata                               0x000048d8   Section        8  qnan.o(.constdata)
    .constdata                               0x000048e0   Section      200  rred.o(.constdata)
    pio2s                                    0x000048e0   Data          48  rred.o(.constdata)
    twooverpi                                0x00004910   Data         152  rred.o(.constdata)
    .constdata                               0x000049a8   Section       40  sin_i.o(.constdata)
    S                                        0x000049a8   Data          40  sin_i.o(.constdata)
    .constdata                               0x000049d0   Section      148  bigflt0.o(.constdata)
    tenpwrs_x                                0x000049d0   Data          60  bigflt0.o(.constdata)
    tenpwrs_i                                0x00004a0c   Data          64  bigflt0.o(.constdata)
    c$$dinf                                  0x00004a84   Section        8  fpconst.o(c$$dinf)
    locale$$data                             0x00004a8c   Section       28  lc_numeric_c.o(locale$$data)
    __lcnum_c_name                           0x00004a90   Data           2  lc_numeric_c.o(locale$$data)
    __lcnum_c_start                          0x00004a98   Data           0  lc_numeric_c.o(locale$$data)
    __lcnum_c_point                          0x00004aa4   Data           0  lc_numeric_c.o(locale$$data)
    __lcnum_c_thousands                      0x00004aa6   Data           0  lc_numeric_c.o(locale$$data)
    __lcnum_c_grouping                       0x00004aa7   Data           0  lc_numeric_c.o(locale$$data)
    locale$$data                             0x00004aa8   Section      272  lc_ctype_c.o(locale$$data)
    __lcnum_c_end                            0x00004aa8   Data           0  lc_numeric_c.o(locale$$data)
    __lcctype_c_name                         0x00004aac   Data           2  lc_ctype_c.o(locale$$data)
    __lcctype_c_start                        0x00004ab4   Data           0  lc_ctype_c.o(locale$$data)
    __lcctype_c_end                          0x00004bb8   Data           0  lc_ctype_c.o(locale$$data)
    .data                                    0x20000000   Section       25  gps.o(.data)
    .data                                    0x20000020   Section       32  main.o(.data)
    .data                                    0x20000040   Section        4  strtok.o(.data)
    _strtok_saves1                           0x20000040   Data           4  strtok.o(.data)
    .bss                                     0x20000044   Section      320  gps.o(.bss)
    .bss                                     0x20000188   Section       32  main.o(.bss)
    .bss                                     0x200001a8   Section       96  libspace.o(.bss)
    HEAP                                     0x20000208   Section        0  startup_tm4c123.o(HEAP)
    STACK                                    0x20000208   Section      512  startup_tm4c123.o(STACK)
    Heap_Mem                                 0x20000208   Data           0  startup_tm4c123.o(HEAP)
    Stack_Mem                                0x20000208   Data         512  startup_tm4c123.o(STACK)
    __initial_sp                             0x20000408   Data           0  startup_tm4c123.o(STACK)

    Global Symbols

    Symbol Name                              Value     Ov Type        Size  Object(Section)

    BuildAttributes$$THM_ISAv4$E$P$D$K$B$S$7EM$PE$A:L22UL41UL21$X:L11$S22US41US21$IEEE1$IW$USESV6$~STKCKD$USESV7$~SHL$OTIME$ROPI$IEEEX$EBA8$UX$STANDARDLIB$REQ8$PRES8$EABIv2 0x00000000   Number         0  anon$$obj.o ABSOLUTE
    __ARM_use_no_argv                        0x00000000   Number         0  main.o ABSOLUTE
    __Vectors                                0x00000000   Data           4  startup_tm4c123.o(RESET)
    __ARM_exceptions_init                     - Undefined Weak Reference
    __alloca_initialize                       - Undefined Weak Reference
    __cpp_initialize__aeabi_                  - Undefined Weak Reference
    __cxa_finalize                            - Undefined Weak Reference
    __sigvec_lookup                           - Undefined Weak Reference
    _atexit_init                              - Undefined Weak Reference
    _call_atexit_fns                          - Undefined Weak Reference
    _clock_init                               - Undefined Weak Reference
    _fp_trap_init                             - Undefined Weak Reference
    _fp_trap_shutdown                         - Undefined Weak Reference
    _get_lc_collate                           - Undefined Weak Reference
    _get_lc_monetary                          - Undefined Weak Reference
    _get_lc_time                              - Undefined Weak Reference
    _getenv_init                              - Undefined Weak Reference
    _handle_redirection                       - Undefined Weak Reference
    _init_alloc                               - Undefined Weak Reference
    _init_user_alloc                          - Undefined Weak Reference
    _initio                                   - Undefined Weak Reference
    _printf_post_padding                      - Undefined Weak Reference
    _printf_pre_padding                       - Undefined Weak Reference
    _rand_init                                - Undefined Weak Reference
    _signal_finish                            - Undefined Weak Reference
    _signal_init                              - Undefined Weak Reference
    _terminate_alloc                          - Undefined Weak Reference
    _terminate_user_alloc                     - Undefined Weak Reference
    _terminateio                              - Undefined Weak Reference
    __Vectors_End                            0x0000026c   Data           0  startup_tm4c123.o(RESET)
    __Vectors_Size                           0x0000026c   Number         0  startup_tm4c123.o ABSOLUTE
    __main                                   0x0000026d   Thumb Code     8  __main.o(!!!main)
    __scatterload                            0x00000275   Thumb Code     0  __scatter.o(!!!scatter)
    __scatterload_rt2                        0x00000275   Thumb Code    44  __scatter.o(!!!scatter)
    __scatterload_rt2_thumb_only             0x00000275   Thumb Code     0  __scatter.o(!!!scatter)
    __scatterload_null                       0x00000283   Thumb Code     0  __scatter.o(!!!scatter)
    __scatterload_copy                       0x000002a9   Thumb Code    26  __scatter_copy.o(!!handler_copy)
    __scatterload_zeroinit                   0x000002c5   Thumb Code    28  __scatter_zi.o(!!handler_zi)
    __rt_lib_init                            0x000002e1   Thumb Code     0  libinit.o(.ARM.Collect$$libinit$$00000000)
    __rt_lib_init_fp_1                       0x000002e3   Thumb Code     0  libinit2.o(.ARM.Collect$$libinit$$00000002)
    __rt_lib_init_heap_1                     0x000002e3   Thumb Code     0  libinit2.o(.ARM.Collect$$libinit$$00000008)
    __rt_lib_init_lc_common                  0x000002e3   Thumb Code     0  libinit2.o(.ARM.Collect$$libinit$$0000000D)
    __rt_lib_init_rand_1                     0x000002e3   Thumb Code     0  libinit2.o(.ARM.Collect$$libinit$$0000000C)
    __rt_lib_init_user_alloc_1               0x000002e3   Thumb Code     0  libinit2.o(.ARM.Collect$$libinit$$0000000A)
    __rt_lib_init_lc_collate_1               0x000002e9   Thumb Code     0  libinit2.o(.ARM.Collect$$libinit$$0000000F)
    __rt_lib_init_lc_ctype_2                 0x000002e9   Thumb Code     0  libinit2.o(.ARM.Collect$$libinit$$00000010)
    __rt_lib_init_lc_ctype_1                 0x000002f5   Thumb Code     0  libinit2.o(.ARM.Collect$$libinit$$00000011)
    __rt_lib_init_lc_monetary_1              0x000002f5   Thumb Code     0  libinit2.o(.ARM.Collect$$libinit$$00000013)
    __rt_lib_init_lc_numeric_2               0x000002f5   Thumb Code     0  libinit2.o(.ARM.Collect$$libinit$$00000014)
    __rt_lib_init_alloca_1                   0x000002ff   Thumb Code     0  libinit2.o(.ARM.Collect$$libinit$$0000002C)
    __rt_lib_init_argv_1                     0x000002ff   Thumb Code     0  libinit2.o(.ARM.Collect$$libinit$$0000002A)
    __rt_lib_init_atexit_1                   0x000002ff   Thumb Code     0  libinit2.o(.ARM.Collect$$libinit$$00000019)
    __rt_lib_init_clock_1                    0x000002ff   Thumb Code     0  libinit2.o(.ARM.Collect$$libinit$$0000001F)
    __rt_lib_init_cpp_1                      0x000002ff   Thumb Code     0  libinit2.o(.ARM.Collect$$libinit$$00000030)
    __rt_lib_init_exceptions_1               0x000002ff   Thumb Code     0  libinit2.o(.ARM.Collect$$libinit$$0000002E)
    __rt_lib_init_fp_trap_1                  0x000002ff   Thumb Code     0  libinit2.o(.ARM.Collect$$libinit$$0000001D)
    __rt_lib_init_getenv_1                   0x000002ff   Thumb Code     0  libinit2.o(.ARM.Collect$$libinit$$00000021)
    __rt_lib_init_lc_numeric_1               0x000002ff   Thumb Code     0  libinit2.o(.ARM.Collect$$libinit$$00000015)
    __rt_lib_init_lc_time_1                  0x000002ff   Thumb Code     0  libinit2.o(.ARM.Collect$$libinit$$00000017)
    __rt_lib_init_return                     0x000002ff   Thumb Code     0  libinit2.o(.ARM.Collect$$libinit$$00000031)
    __rt_lib_init_signal_1                   0x000002ff   Thumb Code     0  libinit2.o(.ARM.Collect$$libinit$$0000001B)
    __rt_lib_init_stdio_1                    0x000002ff   Thumb Code     0  libinit2.o(.ARM.Collect$$libinit$$00000023)
    __rt_lib_shutdown                        0x00000301   Thumb Code     0  libshutdown.o(.ARM.Collect$$libshutdown$$00000000)
    __rt_lib_shutdown_fp_trap_1              0x00000303   Thumb Code     0  libshutdown2.o(.ARM.Collect$$libshutdown$$00000006)
    __rt_lib_shutdown_heap_1                 0x00000303   Thumb Code     0  libshutdown2.o(.ARM.Collect$$libshutdown$$0000000E)
    __rt_lib_shutdown_return                 0x00000303   Thumb Code     0  libshutdown2.o(.ARM.Collect$$libshutdown$$0000000F)
    __rt_lib_shutdown_signal_1               0x00000303   Thumb Code     0  libshutdown2.o(.ARM.Collect$$libshutdown$$00000009)
    __rt_lib_shutdown_stdio_1                0x00000303   Thumb Code     0  libshutdown2.o(.ARM.Collect$$libshutdown$$00000003)
    __rt_lib_shutdown_user_alloc_1           0x00000303   Thumb Code     0  libshutdown2.o(.ARM.Collect$$libshutdown$$0000000B)
    __rt_entry                               0x00000305   Thumb Code     0  rtentry.o(.ARM.Collect$$rtentry$$00000000)
    __rt_entry_presh_1                       0x00000305   Thumb Code     0  rtentry2.o(.ARM.Collect$$rtentry$$00000002)
    __rt_entry_sh                            0x00000305   Thumb Code     0  rtentry4.o(.ARM.Collect$$rtentry$$00000004)
    __rt_entry_li                            0x0000030b   Thumb Code     0  rtentry2.o(.ARM.Collect$$rtentry$$0000000A)
    __rt_entry_postsh_1                      0x0000030b   Thumb Code     0  rtentry2.o(.ARM.Collect$$rtentry$$00000009)
    __rt_entry_main                          0x0000030f   Thumb Code     0  rtentry2.o(.ARM.Collect$$rtentry$$0000000D)
    __rt_entry_postli_1                      0x0000030f   Thumb Code     0  rtentry2.o(.ARM.Collect$$rtentry$$0000000C)
    __rt_exit                                0x00000317   Thumb Code     0  rtexit.o(.ARM.Collect$$rtexit$$00000000)
    __rt_exit_ls                             0x00000319   Thumb Code     0  rtexit2.o(.ARM.Collect$$rtexit$$00000003)
    __rt_exit_prels_1                        0x00000319   Thumb Code     0  rtexit2.o(.ARM.Collect$$rtexit$$00000002)
    __rt_exit_exit                           0x0000031d   Thumb Code     0  rtexit2.o(.ARM.Collect$$rtexit$$00000004)
    Reset_Handler                            0x00000325   Thumb Code     4  startup_tm4c123.o(.text)
    NMI_Handler                              0x00000329   Thumb Code     2  startup_tm4c123.o(.text)
    HardFault_Handler                        0x0000032b   Thumb Code     2  startup_tm4c123.o(.text)
    MemManage_Handler                        0x0000032d   Thumb Code     2  startup_tm4c123.o(.text)
    BusFault_Handler                         0x0000032f   Thumb Code     2  startup_tm4c123.o(.text)
    UsageFault_Handler                       0x00000331   Thumb Code     2  startup_tm4c123.o(.text)
    SVC_Handler                              0x00000333   Thumb Code     2  startup_tm4c123.o(.text)
    DebugMon_Handler                         0x00000335   Thumb Code     2  startup_tm4c123.o(.text)
    PendSV_Handler                           0x00000337   Thumb Code     2  startup_tm4c123.o(.text)
    SysTick_Handler                          0x00000339   Thumb Code     2  startup_tm4c123.o(.text)
    GPIOA_Handler                            0x0000033b   Thumb Code     2  startup_tm4c123.o(.text)
    GPIOB_Handler                            0x0000033d   Thumb Code     2  startup_tm4c123.o(.text)
    GPIOC_Handler                            0x0000033f   Thumb Code     2  startup_tm4c123.o(.text)
    GPIOD_Handler                            0x00000341   Thumb Code     2  startup_tm4c123.o(.text)
    GPIOE_Handler                            0x00000343   Thumb Code     2  startup_tm4c123.o(.text)
    UART0_Handler                            0x00000345   Thumb Code     2  startup_tm4c123.o(.text)
    UART1_Handler                            0x00000347   Thumb Code     2  startup_tm4c123.o(.text)
    SSI0_Handler                             0x00000349   Thumb Code     2  startup_tm4c123.o(.text)
    I2C0_Handler                             0x0000034b   Thumb Code     2  startup_tm4c123.o(.text)
    PMW0_FAULT_Handler                       0x0000034d   Thumb Code     2  startup_tm4c123.o(.text)
    PWM0_0_Handler                           0x0000034f   Thumb Code     2  startup_tm4c123.o(.text)
    PWM0_1_Handler                           0x00000351   Thumb Code     2  startup_tm4c123.o(.text)
    PWM0_2_Handler                           0x00000353   Thumb Code     2  startup_tm4c123.o(.text)
    QEI0_Handler                             0x00000355   Thumb Code     2  startup_tm4c123.o(.text)
    ADC0SS0_Handler                          0x00000357   Thumb Code     2  startup_tm4c123.o(.text)
    ADC0SS1_Handler                          0x00000359   Thumb Code     2  startup_tm4c123.o(.text)
    ADC0SS2_Handler                          0x0000035b   Thumb Code     2  startup_tm4c123.o(.text)
    ADC0SS3_Handler                          0x0000035d   Thumb Code     2  startup_tm4c123.o(.text)
    WDT0_Handler                             0x0000035f   Thumb Code     2  startup_tm4c123.o(.text)
    TIMER0A_Handler                          0x00000361   Thumb Code     2  startup_tm4c123.o(.text)
    TIMER0B_Handler                          0x00000363   Thumb Code     2  startup_tm4c123.o(.text)
    TIMER1A_Handler                          0x00000365   Thumb Code     2  startup_tm4c123.o(.text)
    TIMER1B_Handler                          0x00000367   Thumb Code     2  startup_tm4c123.o(.text)
    TIMER2A_Handler                          0x00000369   Thumb Code     2  startup_tm4c123.o(.text)
    TIMER2B_Handler                          0x0000036b   Thumb Code     2  startup_tm4c123.o(.text)
    COMP0_Handler                            0x0000036d   Thumb Code     2  startup_tm4c123.o(.text)
    COMP1_Handler                            0x0000036f   Thumb Code     2  startup_tm4c123.o(.text)
    COMP2_Handler                            0x00000371   Thumb Code     2  startup_tm4c123.o(.text)
    SYSCTL_Handler                           0x00000373   Thumb Code     2  startup_tm4c123.o(.text)
    FLASH_Handler                            0x00000375   Thumb Code     2  startup_tm4c123.o(.text)
    GPIOF_Handler                            0x00000377   Thumb Code     2  startup_tm4c123.o(.text)
    GPIOG_Handler                            0x00000379   Thumb Code     2  startup_tm4c123.o(.text)
    GPIOH_Handler                            0x0000037b   Thumb Code     2  startup_tm4c123.o(.text)
    UART2_Handler                            0x0000037d   Thumb Code     2  startup_tm4c123.o(.text)
    SSI1_Handler                             0x0000037f   Thumb Code     2  startup_tm4c123.o(.text)
    TIMER3A_Handler                          0x00000381   Thumb Code     2  startup_tm4c123.o(.text)
    TIMER3B_Handler                          0x00000383   Thumb Code     2  startup_tm4c123.o(.text)
    I2C1_Handler                             0x00000385   Thumb Code     2  startup_tm4c123.o(.text)
    QEI1_Handler                             0x00000387   Thumb Code     2  startup_tm4c123.o(.text)
    CAN0_Handler                             0x00000389   Thumb Code     2  startup_tm4c123.o(.text)
    CAN1_Handler                             0x0000038b   Thumb Code     2  startup_tm4c123.o(.text)
    CAN2_Handler                             0x0000038d   Thumb Code     2  startup_tm4c123.o(.text)
    HIB_Handler                              0x0000038f   Thumb Code     2  startup_tm4c123.o(.text)
    USB0_Handler                             0x00000391   Thumb Code     2  startup_tm4c123.o(.text)
    PWM0_3_Handler                           0x00000393   Thumb Code     2  startup_tm4c123.o(.text)
    UDMA_Handler                             0x00000395   Thumb Code     2  startup_tm4c123.o(.text)
    UDMAERR_Handler                          0x00000397   Thumb Code     2  startup_tm4c123.o(.text)
    ADC1SS0_Handler                          0x00000399   Thumb Code     2  startup_tm4c123.o(.text)
    ADC1SS1_Handler                          0x0000039b   Thumb Code     2  startup_tm4c123.o(.text)
    ADC1SS2_Handler                          0x0000039d   Thumb Code     2  startup_tm4c123.o(.text)
    ADC1SS3_Handler                          0x0000039f   Thumb Code     2  startup_tm4c123.o(.text)
    GPIOJ_Handler                            0x000003a1   Thumb Code     2  startup_tm4c123.o(.text)
    GPIOK_Handler                            0x000003a3   Thumb Code     2  startup_tm4c123.o(.text)
    GPIOL_Handler                            0x000003a5   Thumb Code     2  startup_tm4c123.o(.text)
    SSI2_Handler                             0x000003a7   Thumb Code     2  startup_tm4c123.o(.text)
    SSI3_Handler                             0x000003a9   Thumb Code     2  startup_tm4c123.o(.text)
    UART3_Handler                            0x000003ab   Thumb Code     2  startup_tm4c123.o(.text)
    UART4_Handler                            0x000003ad   Thumb Code     2  startup_tm4c123.o(.text)
    UART5_Handler                            0x000003af   Thumb Code     2  startup_tm4c123.o(.text)
    UART6_Handler                            0x000003b1   Thumb Code     2  startup_tm4c123.o(.text)
    UART7_Handler                            0x000003b3   Thumb Code     2  startup_tm4c123.o(.text)
    I2C2_Handler                             0x000003b5   Thumb Code     2  startup_tm4c123.o(.text)
    I2C3_Handler                             0x000003b7   Thumb Code     2  startup_tm4c123.o(.text)
    TIMER4A_Handler                          0x000003b9   Thumb Code     2  startup_tm4c123.o(.text)
    TIMER4B_Handler                          0x000003bb   Thumb Code     2  startup_tm4c123.o(.text)
    TIMER5A_Handler                          0x000003bd   Thumb Code     2  startup_tm4c123.o(.text)
    TIMER5B_Handler                          0x000003bf   Thumb Code     2  startup_tm4c123.o(.text)
    WTIMER0A_Handler                         0x000003c1   Thumb Code     2  startup_tm4c123.o(.text)
    WTIMER0B_Handler                         0x000003c3   Thumb Code     2  startup_tm4c123.o(.text)
    WTIMER1A_Handler                         0x000003c5   Thumb Code     2  startup_tm4c123.o(.text)
    WTIMER1B_Handler                         0x000003c7   Thumb Code     2  startup_tm4c123.o(.text)
    WTIMER2A_Handler                         0x000003c9   Thumb Code     2  startup_tm4c123.o(.text)
    WTIMER2B_Handler                         0x000003cb   Thumb Code     2  startup_tm4c123.o(.text)
    WTIMER3A_Handler                         0x000003cd   Thumb Code     2  startup_tm4c123.o(.text)
    WTIMER3B_Handler                         0x000003cf   Thumb Code     2  startup_tm4c123.o(.text)
    WTIMER4A_Handler                         0x000003d1   Thumb Code     2  startup_tm4c123.o(.text)
    WTIMER4B_Handler                         0x000003d3   Thumb Code     2  startup_tm4c123.o(.text)
    WTIMER5A_Handler                         0x000003d5   Thumb Code     2  startup_tm4c123.o(.text)
    WTIMER5B_Handler                         0x000003d7   Thumb Code     2  startup_tm4c123.o(.text)
    FPU_Handler                              0x000003d9   Thumb Code     2  startup_tm4c123.o(.text)
    I2C4_Handler                             0x000003db   Thumb Code     2  startup_tm4c123.o(.text)
    I2C5_Handler                             0x000003dd   Thumb Code     2  startup_tm4c123.o(.text)
    GPIOM_Handler                            0x000003df   Thumb Code     2  startup_tm4c123.o(.text)
    GPION_Handler                            0x000003e1   Thumb Code     2  startup_tm4c123.o(.text)
    QEI2_Handler                             0x000003e3   Thumb Code     2  startup_tm4c123.o(.text)
    GPIOP0_Handler                           0x000003e5   Thumb Code     2  startup_tm4c123.o(.text)
    GPIOP1_Handler                           0x000003e7   Thumb Code     2  startup_tm4c123.o(.text)
    GPIOP2_Handler                           0x000003e9   Thumb Code     2  startup_tm4c123.o(.text)
    GPIOP3_Handler                           0x000003eb   Thumb Code     2  startup_tm4c123.o(.text)
    GPIOP4_Handler                           0x000003ed   Thumb Code     2  startup_tm4c123.o(.text)
    GPIOP5_Handler                           0x000003ef   Thumb Code     2  startup_tm4c123.o(.text)
    GPIOP6_Handler                           0x000003f1   Thumb Code     2  startup_tm4c123.o(.text)
    GPIOP7_Handler                           0x000003f3   Thumb Code     2  startup_tm4c123.o(.text)
    GPIOQ0_Handler                           0x000003f5   Thumb Code     2  startup_tm4c123.o(.text)
    GPIOQ1_Handler                           0x000003f7   Thumb Code     2  startup_tm4c123.o(.text)
    GPIOQ2_Handler                           0x000003f9   Thumb Code     2  startup_tm4c123.o(.text)
    GPIOQ3_Handler                           0x000003fb   Thumb Code     2  startup_tm4c123.o(.text)
    GPIOQ4_Handler                           0x000003fd   Thumb Code     2  startup_tm4c123.o(.text)
    GPIOQ5_Handler                           0x000003ff   Thumb Code     2  startup_tm4c123.o(.text)
    GPIOQ6_Handler                           0x00000401   Thumb Code     2  startup_tm4c123.o(.text)
    GPIOQ7_Handler                           0x00000403   Thumb Code     2  startup_tm4c123.o(.text)
    GPIOR_Handler                            0x00000405   Thumb Code     2  startup_tm4c123.o(.text)
    GPIOS_Handler                            0x00000407   Thumb Code     2  startup_tm4c123.o(.text)
    PMW1_0_Handler                           0x00000409   Thumb Code     2  startup_tm4c123.o(.text)
    PWM1_1_Handler                           0x0000040b   Thumb Code     2  startup_tm4c123.o(.text)
    PWM1_2_Handler                           0x0000040d   Thumb Code     2  startup_tm4c123.o(.text)
    PWM1_3_Handler                           0x0000040f   Thumb Code     2  startup_tm4c123.o(.text)
    PWM1_FAULT_Handler                       0x00000411   Thumb Code     2  startup_tm4c123.o(.text)
    __user_initial_stackheap                 0x00000415   Thumb Code     0  startup_tm4c123.o(.text)
    To_RAD                                   0x00000431   Thumb Code    42  gps.o(.text)
    Distance_calculate                       0x0000045b   Thumb Code   378  gps.o(.text)
    UART_GETCHAR                             0x000005d5   Thumb Code    30  gps.o(.text)
    GPS_read                                 0x000005f3   Thumb Code   284  gps.o(.text)
    main                                     0x0000075d   Thumb Code   276  main.o(.text)
    initials_PORTF                           0x000008a1   Thumb Code   126  gpio.o(.text)
    initials_UART5                           0x00000939   Thumb Code   170  uart.o(.text)
    UART5_Inchar                             0x000009e3   Thumb Code    20  uart.o(.text)
    UART5_Outchar                            0x000009f7   Thumb Code    18  uart.o(.text)
    initials_systick                         0x00000a09   Thumb Code    24  uart.o(.text)
    systick_delay                            0x00000a21   Thumb Code    28  uart.o(.text)
    systick_wait                             0x00000a3d   Thumb Code    22  uart.o(.text)
    initials_UART1                           0x00000a53   Thumb Code   134  uart.o(.text)
    strtok                                   0x00000af5   Thumb Code     6  strtok.o(.text)
    strcpy                                   0x00000b01   Thumb Code    72  strcpy.o(.text)
    strcmp                                   0x00000b49   Thumb Code   128  strcmpv7m.o(.text)
    __use_two_region_memory                  0x00000bc9   Thumb Code     2  heapauxi.o(.text)
    __rt_heap_escrow$2region                 0x00000bcb   Thumb Code     2  heapauxi.o(.text)
    __rt_heap_expand$2region                 0x00000bcd   Thumb Code     2  heapauxi.o(.text)
    __read_errno                             0x00000bcf   Thumb Code    10  _rserrno.o(.text)
    __set_errno                              0x00000bd9   Thumb Code    12  _rserrno.o(.text)
    __strtod_int                             0x00000c21   Thumb Code    88  strtod.o(.text)
    __strtok_internal                        0x00000c85   Thumb Code    64  strtok_int.o(.text)
    __rt_locale                              0x00000cc9   Thumb Code     8  rt_locale_intlibspace.o(.text)
    __aeabi_errno_addr                       0x00000cd1   Thumb Code     8  rt_errno_addr_intlibspace.o(.text)
    __errno$intlibspace                      0x00000cd1   Thumb Code     0  rt_errno_addr_intlibspace.o(.text)
    __rt_errno_addr$intlibspace              0x00000cd1   Thumb Code     0  rt_errno_addr_intlibspace.o(.text)
    isspace                                  0x00000cd9   Thumb Code    18  isspace.o(.text)
    _sgetc                                   0x00000ceb   Thumb Code    30  _sgetc.o(.text)
    _sbackspace                              0x00000d09   Thumb Code    34  _sgetc.o(.text)
    _btod_etento                             0x00000d2d   Thumb Code   222  bigflt0.o(.text)
    strcspn                                  0x00000e11   Thumb Code    32  strcspn.o(.text)
    strspn                                   0x00000e31   Thumb Code    28  strspn.o(.text)
    __user_libspace                          0x00000e4d   Thumb Code     8  libspace.o(.text)
    __user_perproc_libspace                  0x00000e4d   Thumb Code     0  libspace.o(.text)
    __user_perthread_libspace                0x00000e4d   Thumb Code     0  libspace.o(.text)
    __user_setup_stackheap                   0x00000e55   Thumb Code    74  sys_stackheap_outer.o(.text)
    __rt_ctype_table                         0x00000ea1   Thumb Code    16  rt_ctype_table.o(.text)
    _scanf_really_real                       0x000010a9   Thumb Code   672  scanf_fp.o(.text)
    exit                                     0x00001355   Thumb Code    12  exit.o(.text)
    _scanf_really_hex_real                   0x00001361   Thumb Code   776  scanf_hexfp.o(.text)
    _scanf_really_infnan                     0x00001675   Thumb Code   298  scanf_infnan.o(.text)
    _sys_exit                                0x000017b1   Thumb Code     8  sys_exit.o(.text)
    __aeabi_llsl                             0x000017bd   Thumb Code     0  llshl.o(.text)
    _ll_shift_l                              0x000017bd   Thumb Code    38  llshl.o(.text)
    _chval                                   0x000017e3   Thumb Code    28  _chval.o(.text)
    __I$use$semihosting                      0x000017ff   Thumb Code     0  use_no_semi.o(.text)
    __use_no_semihosting_swi                 0x000017ff   Thumb Code     2  use_no_semi.o(.text)
    __btod_div_common                        0x00001801   Thumb Code   696  btod.o(CL$$btod_div_common)
    __semihosting_library_function           0x00001801   Thumb Code     0  indicate_semi.o(.text)
    _e2d                                     0x00001b39   Thumb Code    80  btod.o(CL$$btod_e2d)
    _e2e                                     0x00001b8d   Thumb Code   198  btod.o(CL$$btod_e2e)
    _btod_ediv                               0x00001c53   Thumb Code    40  btod.o(CL$$btod_ediv)
    _btod_edivd                              0x00001c7b   Thumb Code    40  btod.o(CL$$btod_edivd)
    _btod_emul                               0x00001ca3   Thumb Code    40  btod.o(CL$$btod_emul)
    _btod_emuld                              0x00001ccb   Thumb Code    40  btod.o(CL$$btod_emuld)
    __btod_mult_common                       0x00001cf3   Thumb Code   580  btod.o(CL$$btod_mult_common)
    __ARM_fpclassify                         0x00001f37   Thumb Code    40  fpclassify.o(i.__ARM_fpclassify)
    __ieee754_rem_pio2                       0x00001f61   Thumb Code   832  rred.o(i.__ieee754_rem_pio2)
    __kernel_cos                             0x000022e9   Thumb Code   230  cos_i.o(i.__kernel_cos)
    __kernel_poly                            0x000023e5   Thumb Code   170  poly.o(i.__kernel_poly)
    __kernel_sin                             0x00002491   Thumb Code   224  sin_i.o(i.__kernel_sin)
    __mathlib_dbl_underflow                  0x0000257d   Thumb Code    10  dunder.o(i.__mathlib_dbl_underflow)
    __mathlib_narrow                         0x0000258d   Thumb Code    16  narrow.o(i.__mathlib_narrow)
    __mathlib_tofloat                        0x0000259d   Thumb Code   132  narrow.o(i.__mathlib_tofloat)
    __support_ldexp                          0x00002625   Thumb Code    22  ldexp.o(i.__support_ldexp)
    _is_digit                                0x0000263b   Thumb Code    14  __printf_wp.o(i._is_digit)
    atan                                     0x00002649   Thumb Code   478  atan.o(i.atan)
    atan2                                    0x0000286d   Thumb Code   346  atan2.o(i.atan2)
    atof                                     0x000029ed   Thumb Code    42  atof.o(i.atof)
    cos                                      0x00002a19   Thumb Code   164  cos.o(i.cos)
    frexp                                    0x00002ac5   Thumb Code    80  frexp.o(i.frexp)
    ldexp                                    0x00002b1d   Thumb Code   126  ldexp.o(i.ldexp)
    pow                                      0x00002b9d   Thumb Code  2510  pow.o(i.pow)
    sin                                      0x0000357d   Thumb Code   166  sin.o(i.sin)
    sqrt                                     0x0000362d   Thumb Code    76  sqrt.o(i.sqrt)
    _get_lc_numeric                          0x00003679   Thumb Code    44  lc_numeric_c.o(locale$$code)
    _get_lc_ctype                            0x000036a5   Thumb Code    44  lc_ctype_c.o(locale$$code)
    __aeabi_d2f                              0x000036d1   Thumb Code     0  d2f.o(x$fpl$d2f)
    _d2f                                     0x000036d1   Thumb Code    98  d2f.o(x$fpl$d2f)
    __aeabi_dadd                             0x00003735   Thumb Code     0  daddsub_clz.o(x$fpl$dadd)
    _dadd                                    0x00003735   Thumb Code   332  daddsub_clz.o(x$fpl$dadd)
    __fpl_dcheck_NaN1                        0x00003885   Thumb Code    10  dcheck1.o(x$fpl$dcheck1)
    __fpl_dcmp_Inf                           0x00003895   Thumb Code    24  dcmpi.o(x$fpl$dcmpinf)
    __aeabi_ddiv                             0x000038ad   Thumb Code     0  ddiv.o(x$fpl$ddiv)
    _ddiv                                    0x000038ad   Thumb Code   552  ddiv.o(x$fpl$ddiv)
    __aeabi_cdcmpeq                          0x00003b5d   Thumb Code     0  deqf.o(x$fpl$deqf)
    _dcmpeq                                  0x00003b5d   Thumb Code   120  deqf.o(x$fpl$deqf)
    __aeabi_d2iz                             0x00003bd5   Thumb Code     0  dfix.o(x$fpl$dfix)
    _dfix                                    0x00003bd5   Thumb Code    94  dfix.o(x$fpl$dfix)
    __aeabi_i2d                              0x00003c33   Thumb Code     0  dflt_clz.o(x$fpl$dflt)
    _dflt                                    0x00003c33   Thumb Code    46  dflt_clz.o(x$fpl$dflt)
    __aeabi_ui2d                             0x00003c61   Thumb Code     0  dflt_clz.o(x$fpl$dfltu)
    _dfltu                                   0x00003c61   Thumb Code    38  dflt_clz.o(x$fpl$dfltu)
    __aeabi_cdcmple                          0x00003c89   Thumb Code     0  dleqf.o(x$fpl$dleqf)
    _dcmple                                  0x00003c89   Thumb Code   120  dleqf.o(x$fpl$dleqf)
    __fpl_dcmple_InfNaN                      0x00003ceb   Thumb Code     0  dleqf.o(x$fpl$dleqf)
    __aeabi_dmul                             0x00003d01   Thumb Code     0  dmul.o(x$fpl$dmul)
    _dmul                                    0x00003d01   Thumb Code   332  dmul.o(x$fpl$dmul)
    __fpl_dnaninf                            0x00003e55   Thumb Code   156  dnaninf.o(x$fpl$dnaninf)
    __fpl_dretinf                            0x00003ef1   Thumb Code    12  dretinf.o(x$fpl$dretinf)
    __aeabi_cdrcmple                         0x00003efd   Thumb Code     0  drleqf.o(x$fpl$drleqf)
    _drcmple                                 0x00003efd   Thumb Code   108  drleqf.o(x$fpl$drleqf)
    __aeabi_drsub                            0x00003f69   Thumb Code     0  daddsub_clz.o(x$fpl$drsb)
    _drsb                                    0x00003f69   Thumb Code    22  daddsub_clz.o(x$fpl$drsb)
    _dsqrt                                   0x00003f81   Thumb Code   404  dsqrt_umaal.o(x$fpl$dsqrt)
    __aeabi_dsub                             0x00004119   Thumb Code     0  daddsub_clz.o(x$fpl$dsub)
    _dsub                                    0x00004119   Thumb Code   464  daddsub_clz.o(x$fpl$dsub)
    __aeabi_f2d                              0x000042ed   Thumb Code     0  f2d.o(x$fpl$f2d)
    _f2d                                     0x000042ed   Thumb Code    86  f2d.o(x$fpl$f2d)
    __aeabi_fadd                             0x00004345   Thumb Code     0  faddsub_clz.o(x$fpl$fadd)
    _fadd                                    0x00004345   Thumb Code   196  faddsub_clz.o(x$fpl$fadd)
    __aeabi_fmul                             0x00004409   Thumb Code     0  fmul.o(x$fpl$fmul)
    _fmul                                    0x00004409   Thumb Code   258  fmul.o(x$fpl$fmul)
    __fpl_fnaninf                            0x0000450b   Thumb Code   140  fnaninf.o(x$fpl$fnaninf)
    __fpl_fretinf                            0x00004597   Thumb Code    10  fretinf.o(x$fpl$fretinf)
    __aeabi_fsub                             0x000045a1   Thumb Code     0  faddsub_clz.o(x$fpl$fsub)
    _fsub                                    0x000045a1   Thumb Code   234  faddsub_clz.o(x$fpl$fsub)
    __fpl_return_NaN                         0x0000468b   Thumb Code   100  retnan.o(x$fpl$retnan)
    __ARM_scalbn                             0x000046ef   Thumb Code    92  scalbn.o(x$fpl$scalbn)
    _scanf_real                              0x0000474b   Thumb Code     4  scanf1.o(x$fpl$scanf1)
    _scanf_hex_real                          0x0000474f   Thumb Code     4  scanf2.o(x$fpl$scanf2)
    _scanf_infnan                            0x00004753   Thumb Code     4  scanf2.o(x$fpl$scanf2)
    __fpl_cmpreturn                          0x00004757   Thumb Code    48  trapv.o(x$fpl$trapveneer)
    __I$use$fp                               0x00004786   Number         0  usenofp.o(x$fpl$usenofp)
    __mathlib_zero                           0x000048d8   Data           8  qnan.o(.constdata)
    Region$$Table$$Base                      0x00004a64   Number         0  anon$$obj.o(Region$$Table)
    Region$$Table$$Limit                     0x00004a84   Number         0  anon$$obj.o(Region$$Table)
    __aeabi_HUGE_VAL                         0x00004a84   Data           0  fpconst.o(c$$dinf)
    __aeabi_HUGE_VALL                        0x00004a84   Data           0  fpconst.o(c$$dinf)
    __aeabi_INFINITY                         0x00004a84   Data           0  fpconst.o(c$$dinf)
    __dInf                                   0x00004a84   Data           0  fpconst.o(c$$dinf)
    __huge_val                               0x00004a84   Data           0  fpconst.o(c$$dinf)
    __ctype                                  0x00004ab5   Data           0  lc_ctype_c.o(locale$$data)
    GPS_logname                              0x20000000   Data           8  gps.o(.data)
    token_strings_counter                    0x20000008   Data           1  gps.o(.data)
    counter                                  0x20000009   Data           1  gps.o(.data)
    token                                    0x2000000c   Data           4  gps.o(.data)
    Null                                     0x20000010   Data           4  gps.o(.data)
    i                                        0x20000014   Data           4  gps.o(.data)
    data                                     0x20000018   Data           1  gps.o(.data)
    dest_lat                                 0x20000020   Data           8  main.o(.data)
    dest_long                                0x20000028   Data           8  main.o(.data)
    dist                                     0x20000030   Data           8  main.o(.data)
    remaining_displacement                   0x20000038   Data           8  main.o(.data)
    GPS_OUTPUT                               0x20000044   Data          80  gps.o(.bss)
    formated_GPS                             0x20000094   Data         240  gps.o(.bss)
    current_position                         0x20000188   Data          16  main.o(.bss)
    previous_position                        0x20000198   Data          16  main.o(.bss)
    __libspace_start                         0x200001a8   Data          96  libspace.o(.bss)
    __temporary_stack_top$libspace           0x20000208   Data           0  libspace.o(.bss)



==============================================================================

Memory Map of the image

  Image Entry point : 0x00000325

  Load Region LR_1 (Base: 0x00000000, Size: 0x00004bfc, Max: 0xffffffff, ABSOLUTE)

    Execution Region ER_RO (Base: 0x00000000, Size: 0x00004bb8, Max: 0xffffffff, ABSOLUTE)

    Base Addr    Size         Type   Attr      Idx    E Section Name        Object

    0x00000000   0x0000026c   Data   RO            3    RESET               startup_tm4c123.o
    0x0000026c   0x00000008   Code   RO          157  * !!!main             c_w.l(__main.o)
    0x00000274   0x00000034   Code   RO          566    !!!scatter          c_w.l(__scatter.o)
    0x000002a8   0x0000001a   Code   RO          568    !!handler_copy      c_w.l(__scatter_copy.o)
    0x000002c2   0x00000002   PAD
    0x000002c4   0x0000001c   Code   RO          570    !!handler_zi        c_w.l(__scatter_zi.o)
    0x000002e0   0x00000002   Code   RO          396    .ARM.Collect$$libinit$$00000000  c_w.l(libinit.o)
    0x000002e2   0x00000000   Code   RO          398    .ARM.Collect$$libinit$$00000002  c_w.l(libinit2.o)
    0x000002e2   0x00000000   Code   RO          401    .ARM.Collect$$libinit$$00000008  c_w.l(libinit2.o)
    0x000002e2   0x00000000   Code   RO          403    .ARM.Collect$$libinit$$0000000A  c_w.l(libinit2.o)
    0x000002e2   0x00000000   Code   RO          405    .ARM.Collect$$libinit$$0000000C  c_w.l(libinit2.o)
    0x000002e2   0x00000006   Code   RO          406    .ARM.Collect$$libinit$$0000000D  c_w.l(libinit2.o)
    0x000002e8   0x00000000   Code   RO          408    .ARM.Collect$$libinit$$0000000F  c_w.l(libinit2.o)
    0x000002e8   0x0000000c   Code   RO          409    .ARM.Collect$$libinit$$00000010  c_w.l(libinit2.o)
    0x000002f4   0x00000000   Code   RO          410    .ARM.Collect$$libinit$$00000011  c_w.l(libinit2.o)
    0x000002f4   0x00000000   Code   RO          412    .ARM.Collect$$libinit$$00000013  c_w.l(libinit2.o)
    0x000002f4   0x0000000a   Code   RO          413    .ARM.Collect$$libinit$$00000014  c_w.l(libinit2.o)
    0x000002fe   0x00000000   Code   RO          414    .ARM.Collect$$libinit$$00000015  c_w.l(libinit2.o)
    0x000002fe   0x00000000   Code   RO          416    .ARM.Collect$$libinit$$00000017  c_w.l(libinit2.o)
    0x000002fe   0x00000000   Code   RO          418    .ARM.Collect$$libinit$$00000019  c_w.l(libinit2.o)
    0x000002fe   0x00000000   Code   RO          420    .ARM.Collect$$libinit$$0000001B  c_w.l(libinit2.o)
    0x000002fe   0x00000000   Code   RO          422    .ARM.Collect$$libinit$$0000001D  c_w.l(libinit2.o)
    0x000002fe   0x00000000   Code   RO          424    .ARM.Collect$$libinit$$0000001F  c_w.l(libinit2.o)
    0x000002fe   0x00000000   Code   RO          426    .ARM.Collect$$libinit$$00000021  c_w.l(libinit2.o)
    0x000002fe   0x00000000   Code   RO          428    .ARM.Collect$$libinit$$00000023  c_w.l(libinit2.o)
    0x000002fe   0x00000000   Code   RO          432    .ARM.Collect$$libinit$$0000002A  c_w.l(libinit2.o)
    0x000002fe   0x00000000   Code   RO          434    .ARM.Collect$$libinit$$0000002C  c_w.l(libinit2.o)
    0x000002fe   0x00000000   Code   RO          436    .ARM.Collect$$libinit$$0000002E  c_w.l(libinit2.o)
    0x000002fe   0x00000000   Code   RO          438    .ARM.Collect$$libinit$$00000030  c_w.l(libinit2.o)
    0x000002fe   0x00000002   Code   RO          439    .ARM.Collect$$libinit$$00000031  c_w.l(libinit2.o)
    0x00000300   0x00000002   Code   RO          503    .ARM.Collect$$libshutdown$$00000000  c_w.l(libshutdown.o)
    0x00000302   0x00000000   Code   RO          527    .ARM.Collect$$libshutdown$$00000003  c_w.l(libshutdown2.o)
    0x00000302   0x00000000   Code   RO          530    .ARM.Collect$$libshutdown$$00000006  c_w.l(libshutdown2.o)
    0x00000302   0x00000000   Code   RO          533    .ARM.Collect$$libshutdown$$00000009  c_w.l(libshutdown2.o)
    0x00000302   0x00000000   Code   RO          535    .ARM.Collect$$libshutdown$$0000000B  c_w.l(libshutdown2.o)
    0x00000302   0x00000000   Code   RO          538    .ARM.Collect$$libshutdown$$0000000E  c_w.l(libshutdown2.o)
    0x00000302   0x00000002   Code   RO          539    .ARM.Collect$$libshutdown$$0000000F  c_w.l(libshutdown2.o)
    0x00000304   0x00000000   Code   RO          235    .ARM.Collect$$rtentry$$00000000  c_w.l(rtentry.o)
    0x00000304   0x00000000   Code   RO          304    .ARM.Collect$$rtentry$$00000002  c_w.l(rtentry2.o)
    0x00000304   0x00000006   Code   RO          316    .ARM.Collect$$rtentry$$00000004  c_w.l(rtentry4.o)
    0x0000030a   0x00000000   Code   RO          306    .ARM.Collect$$rtentry$$00000009  c_w.l(rtentry2.o)
    0x0000030a   0x00000004   Code   RO          307    .ARM.Collect$$rtentry$$0000000A  c_w.l(rtentry2.o)
    0x0000030e   0x00000000   Code   RO          309    .ARM.Collect$$rtentry$$0000000C  c_w.l(rtentry2.o)
    0x0000030e   0x00000008   Code   RO          310    .ARM.Collect$$rtentry$$0000000D  c_w.l(rtentry2.o)
    0x00000316   0x00000002   Code   RO          442    .ARM.Collect$$rtexit$$00000000  c_w.l(rtexit.o)
    0x00000318   0x00000000   Code   RO          469    .ARM.Collect$$rtexit$$00000002  c_w.l(rtexit2.o)
    0x00000318   0x00000004   Code   RO          470    .ARM.Collect$$rtexit$$00000003  c_w.l(rtexit2.o)
    0x0000031c   0x00000006   Code   RO          471    .ARM.Collect$$rtexit$$00000004  c_w.l(rtexit2.o)
    0x00000322   0x00000002   PAD
    0x00000324   0x0000010c   Code   RO            4  * .text               startup_tm4c123.o
    0x00000430   0x0000032c   Code   RO           10    .text               gps.o
    0x0000075c   0x00000144   Code   RO           75    .text               main.o
    0x000008a0   0x00000098   Code   RO           91    .text               gpio.o
    0x00000938   0x000001bc   Code   RO          103    .text               uart.o
    0x00000af4   0x0000000c   Code   RO          148    .text               c_w.l(strtok.o)
    0x00000b00   0x00000048   Code   RO          151    .text               c_w.l(strcpy.o)
    0x00000b48   0x00000080   Code   RO          153    .text               c_w.l(strcmpv7m.o)
    0x00000bc8   0x00000006   Code   RO          155    .text               c_w.l(heapauxi.o)
    0x00000bce   0x00000016   Code   RO          236    .text               c_w.l(_rserrno.o)
    0x00000be4   0x000000a0   Code   RO          245    .text               c_w.l(strtod.o)
    0x00000c84   0x00000044   Code   RO          247    .text               c_w.l(strtok_int.o)
    0x00000cc8   0x00000008   Code   RO          321    .text               c_w.l(rt_locale_intlibspace.o)
    0x00000cd0   0x00000008   Code   RO          326    .text               c_w.l(rt_errno_addr_intlibspace.o)
    0x00000cd8   0x00000012   Code   RO          330    .text               c_w.l(isspace.o)
    0x00000cea   0x00000040   Code   RO          336    .text               c_w.l(_sgetc.o)
    0x00000d2a   0x00000002   PAD
    0x00000d2c   0x000000e4   Code   RO          338    .text               c_w.l(bigflt0.o)
    0x00000e10   0x00000020   Code   RO          366    .text               c_w.l(strcspn.o)
    0x00000e30   0x0000001c   Code   RO          368    .text               c_w.l(strspn.o)
    0x00000e4c   0x00000008   Code   RO          380    .text               c_w.l(libspace.o)
    0x00000e54   0x0000004a   Code   RO          383    .text               c_w.l(sys_stackheap_outer.o)
    0x00000e9e   0x00000002   PAD
    0x00000ea0   0x00000010   Code   RO          385    .text               c_w.l(rt_ctype_table.o)
    0x00000eb0   0x000004a4   Code   RO          387    .text               c_w.l(scanf_fp.o)
    0x00001354   0x0000000c   Code   RO          389    .text               c_w.l(exit.o)
    0x00001360   0x00000314   Code   RO          475    .text               c_w.l(scanf_hexfp.o)
    0x00001674   0x0000013c   Code   RO          477    .text               c_w.l(scanf_infnan.o)
    0x000017b0   0x0000000c   Code   RO          489    .text               c_w.l(sys_exit.o)
    0x000017bc   0x00000026   Code   RO          493    .text               c_w.l(llshl.o)
    0x000017e2   0x0000001c   Code   RO          495    .text               c_w.l(_chval.o)
    0x000017fe   0x00000002   Code   RO          516    .text               c_w.l(use_no_semi.o)
    0x00001800   0x00000000   Code   RO          518    .text               c_w.l(indicate_semi.o)
    0x00001800   0x00000338   Code   RO          351    CL$$btod_div_common  c_w.l(btod.o)
    0x00001b38   0x00000054   Code   RO          349    CL$$btod_e2d        c_w.l(btod.o)
    0x00001b8c   0x000000c6   Code   RO          348    CL$$btod_e2e        c_w.l(btod.o)
    0x00001c52   0x00000028   Code   RO          345    CL$$btod_ediv       c_w.l(btod.o)
    0x00001c7a   0x00000028   Code   RO          347    CL$$btod_edivd      c_w.l(btod.o)
    0x00001ca2   0x00000028   Code   RO          344    CL$$btod_emul       c_w.l(btod.o)
    0x00001cca   0x00000028   Code   RO          346    CL$$btod_emuld      c_w.l(btod.o)
    0x00001cf2   0x00000244   Code   RO          350    CL$$btod_mult_common  c_w.l(btod.o)
    0x00001f36   0x00000028   Code   RO          287    i.__ARM_fpclassify  m_ws.l(fpclassify.o)
    0x00001f5e   0x00000002   PAD
    0x00001f60   0x00000388   Code   RO          292    i.__ieee754_rem_pio2  m_ws.l(rred.o)
    0x000022e8   0x000000fc   Code   RO          282    i.__kernel_cos      m_ws.l(cos_i.o)
    0x000023e4   0x000000aa   Code   RO          289    i.__kernel_poly     m_ws.l(poly.o)
    0x0000248e   0x00000002   PAD
    0x00002490   0x000000ec   Code   RO          297    i.__kernel_sin      m_ws.l(sin_i.o)
    0x0000257c   0x00000010   Code   RO          285    i.__mathlib_dbl_underflow  m_ws.l(dunder.o)
    0x0000258c   0x00000010   Code   RO          462    i.__mathlib_narrow  m_ws.l(narrow.o)
    0x0000259c   0x00000088   Code   RO          463    i.__mathlib_tofloat  m_ws.l(narrow.o)
    0x00002624   0x00000016   Code   RO          505    i.__support_ldexp   m_ws.l(ldexp.o)
    0x0000263a   0x0000000e   Code   RO          136    i._is_digit         c_w.l(__printf_wp.o)
    0x00002648   0x00000224   Code   RO          273    i.atan              m_ws.l(atan.o)
    0x0000286c   0x00000180   Code   RO          190    i.atan2             m_ws.l(atan2.o)
    0x000029ec   0x0000002a   Code   RO          198    i.atof              m_ws.l(atof.o)
    0x00002a16   0x00000002   PAD
    0x00002a18   0x000000ac   Code   RO          202    i.cos               m_ws.l(cos.o)
    0x00002ac4   0x00000058   Code   RO          484    i.frexp             m_ws.l(frexp.o)
    0x00002b1c   0x0000007e   Code   RO          506    i.ldexp             m_ws.l(ldexp.o)
    0x00002b9a   0x00000002   PAD
    0x00002b9c   0x000009e0   Code   RO          210    i.pow               m_ws.l(pow.o)
    0x0000357c   0x000000b0   Code   RO          220    i.sin               m_ws.l(sin.o)
    0x0000362c   0x0000004c   Code   RO          228    i.sqrt              m_ws.l(sqrt.o)
    0x00003678   0x0000002c   Code   RO          364    locale$$code        c_w.l(lc_numeric_c.o)
    0x000036a4   0x0000002c   Code   RO          445    locale$$code        c_w.l(lc_ctype_c.o)
    0x000036d0   0x00000062   Code   RO          159    x$fpl$d2f           fz_ws.l(d2f.o)
    0x00003732   0x00000002   PAD
    0x00003734   0x00000150   Code   RO          161    x$fpl$dadd          fz_ws.l(daddsub_clz.o)
    0x00003884   0x00000010   Code   RO          370    x$fpl$dcheck1       fz_ws.l(dcheck1.o)
    0x00003894   0x00000018   Code   RO          249    x$fpl$dcmpinf       fz_ws.l(dcmpi.o)
    0x000038ac   0x000002b0   Code   RO          168    x$fpl$ddiv          fz_ws.l(ddiv.o)
    0x00003b5c   0x00000078   Code   RO          171    x$fpl$deqf          fz_ws.l(deqf.o)
    0x00003bd4   0x0000005e   Code   RO          372    x$fpl$dfix          fz_ws.l(dfix.o)
    0x00003c32   0x0000002e   Code   RO          252    x$fpl$dflt          fz_ws.l(dflt_clz.o)
    0x00003c60   0x00000026   Code   RO          251    x$fpl$dfltu         fz_ws.l(dflt_clz.o)
    0x00003c86   0x00000002   PAD
    0x00003c88   0x00000078   Code   RO          173    x$fpl$dleqf         fz_ws.l(dleqf.o)
    0x00003d00   0x00000154   Code   RO          175    x$fpl$dmul          fz_ws.l(dmul.o)
    0x00003e54   0x0000009c   Code   RO          257    x$fpl$dnaninf       fz_ws.l(dnaninf.o)
    0x00003ef0   0x0000000c   Code   RO          259    x$fpl$dretinf       fz_ws.l(dretinf.o)
    0x00003efc   0x0000006c   Code   RO          261    x$fpl$drleqf        fz_ws.l(drleqf.o)
    0x00003f68   0x00000016   Code   RO          162    x$fpl$drsb          fz_ws.l(daddsub_clz.o)
    0x00003f7e   0x00000002   PAD
    0x00003f80   0x00000198   Code   RO          263    x$fpl$dsqrt         fz_ws.l(dsqrt_umaal.o)
    0x00004118   0x000001d4   Code   RO          163    x$fpl$dsub          fz_ws.l(daddsub_clz.o)
    0x000042ec   0x00000056   Code   RO          177    x$fpl$f2d           fz_ws.l(f2d.o)
    0x00004342   0x00000002   PAD
    0x00004344   0x000000c4   Code   RO          179    x$fpl$fadd          fz_ws.l(faddsub_clz.o)
    0x00004408   0x00000102   Code   RO          185    x$fpl$fmul          fz_ws.l(fmul.o)
    0x0000450a   0x0000008c   Code   RO          265    x$fpl$fnaninf       fz_ws.l(fnaninf.o)
    0x00004596   0x0000000a   Code   RO          267    x$fpl$fretinf       fz_ws.l(fretinf.o)
    0x000045a0   0x000000ea   Code   RO          181    x$fpl$fsub          fz_ws.l(faddsub_clz.o)
    0x0000468a   0x00000064   Code   RO          440    x$fpl$retnan        fz_ws.l(retnan.o)
    0x000046ee   0x0000005c   Code   RO          269    x$fpl$scalbn        fz_ws.l(scalbn.o)
    0x0000474a   0x00000004   Code   RO          378    x$fpl$scanf1        fz_ws.l(scanf1.o)
    0x0000474e   0x00000008   Code   RO          454    x$fpl$scanf2        fz_ws.l(scanf2.o)
    0x00004756   0x00000030   Code   RO          460    x$fpl$trapveneer    fz_ws.l(trapv.o)
    0x00004786   0x00000000   Code   RO          271    x$fpl$usenofp       fz_ws.l(usenofp.o)
    0x00004786   0x00000002   PAD
    0x00004788   0x00000088   Data   RO          211    .constdata          m_ws.l(pow.o)
    0x00004810   0x00000098   Data   RO          274    .constdata          m_ws.l(atan.o)
    0x000048a8   0x00000030   Data   RO          283    .constdata          m_ws.l(cos_i.o)
    0x000048d8   0x00000008   Data   RO          291    .constdata          m_ws.l(qnan.o)
    0x000048e0   0x000000c8   Data   RO          294    .constdata          m_ws.l(rred.o)
    0x000049a8   0x00000028   Data   RO          298    .constdata          m_ws.l(sin_i.o)
    0x000049d0   0x00000094   Data   RO          339    .constdata          c_w.l(bigflt0.o)
    0x00004a64   0x00000020   Data   RO          564    Region$$Table       anon$$obj.o
    0x00004a84   0x00000008   Data   RO          449    c$$dinf             fz_ws.l(fpconst.o)
    0x00004a8c   0x0000001c   Data   RO          363    locale$$data        c_w.l(lc_numeric_c.o)
    0x00004aa8   0x00000110   Data   RO          444    locale$$data        c_w.l(lc_ctype_c.o)


    Execution Region ER_RW (Base: 0x20000000, Size: 0x00000044, Max: 0xffffffff, ABSOLUTE)

    Base Addr    Size         Type   Attr      Idx    E Section Name        Object

    0x20000000   0x00000019   Data   RW           13    .data               gps.o
    0x20000019   0x00000007   PAD
    0x20000020   0x00000020   Data   RW           77    .data               main.o
    0x20000040   0x00000004   Data   RW          149    .data               c_w.l(strtok.o)


    Execution Region ER_ZI (Base: 0x20000044, Size: 0x000003c4, Max: 0xffffffff, ABSOLUTE)

    Base Addr    Size         Type   Attr      Idx    E Section Name        Object

    0x20000044   0x00000140   Zero   RW           11    .bss                gps.o
    0x20000184   0x00000004   PAD
    0x20000188   0x00000020   Zero   RW           76    .bss                main.o
    0x200001a8   0x00000060   Zero   RW          381    .bss                c_w.l(libspace.o)
    0x20000208   0x00000000   Zero   RW            2    HEAP                startup_tm4c123.o
    0x20000208   0x00000200   Zero   RW            1    STACK               startup_tm4c123.o


==============================================================================

Image component sizes


      Code (inc. data)   RO Data    RW Data    ZI Data      Debug   Object Name

       152         26          0          0          0        341   gpio.o
       812         78          0         25        320       6559   gps.o
       324         48          0         32         32       1123   main.o
       268         20        620          0        512       5304   startup_tm4c123.o
       444         28          0          0          0       1567   uart.o

    ----------------------------------------------------------------------
      2000        200        652         64        868      14894   Object Totals
         0          0         32          0          0          0   (incl. Generated)
         0          0          0          7          4          0   (incl. Padding)

    ----------------------------------------------------------------------

      Code (inc. data)   RO Data    RW Data    ZI Data      Debug   Library Member Name

         8          0          0          0          0         68   __main.o
        14          0          0          0          0         68   __printf_wp.o
        52          8          0          0          0          0   __scatter.o
        26          0          0          0          0          0   __scatter_copy.o
        28          0          0          0          0          0   __scatter_zi.o
        28          0          0          0          0         68   _chval.o
        22          0          0          0          0        100   _rserrno.o
        64          0          0          0          0         84   _sgetc.o
       228          6        148          0          0         96   bigflt0.o
      1846        132          0          0          0        736   btod.o
        12          0          0          0          0         72   exit.o
         6          0          0          0          0        152   heapauxi.o
         0          0          0          0          0          0   indicate_semi.o
        18          0          0          0          0         76   isspace.o
        44         10        272          0          0         76   lc_ctype_c.o
        44         10         28          0          0         76   lc_numeric_c.o
         2          0          0          0          0          0   libinit.o
        30          0          0          0          0          0   libinit2.o
         2          0          0          0          0          0   libshutdown.o
         2          0          0          0          0          0   libshutdown2.o
         8          4          0          0         96         68   libspace.o
        38          0          0          0          0         68   llshl.o
        16          4          0          0          0         76   rt_ctype_table.o
         8          4          0          0          0         68   rt_errno_addr_intlibspace.o
         8          4          0          0          0         68   rt_locale_intlibspace.o
         0          0          0          0          0          0   rtentry.o
        12          0          0          0          0          0   rtentry2.o
         6          0          0          0          0          0   rtentry4.o
         2          0          0          0          0          0   rtexit.o
        10          0          0          0          0          0   rtexit2.o
      1188         12          0          0          0        148   scanf_fp.o
       788         12          0          0          0        100   scanf_hexfp.o
       316         18          0          0          0        100   scanf_infnan.o
       128          0          0          0          0         68   strcmpv7m.o
        72          0          0          0          0         80   strcpy.o
        32          0          0          0          0         80   strcspn.o
        28          0          0          0          0         80   strspn.o
       160         12          0          0          0        120   strtod.o
        12          6          0          4          0         68   strtok.o
        68          4          0          0          0         84   strtok_int.o
        12          4          0          0          0         68   sys_exit.o
        74          0          0          0          0         80   sys_stackheap_outer.o
         2          0          0          0          0         68   use_no_semi.o
        98          4          0          0          0         92   d2f.o
       826         16          0          0          0        348   daddsub_clz.o
        16          4          0          0          0         68   dcheck1.o
        24          0          0          0          0         68   dcmpi.o
       688        140          0          0          0        208   ddiv.o
       120          4          0          0          0         92   deqf.o
        94          4          0          0          0         92   dfix.o
        84          0          0          0          0        136   dflt_clz.o
       120          4          0          0          0         92   dleqf.o
       340         12          0          0          0        104   dmul.o
       156          4          0          0          0         92   dnaninf.o
        12          0          0          0          0         68   dretinf.o
       108          0          0          0          0         80   drleqf.o
       408         56          0          0          0        120   dsqrt_umaal.o
        86          4          0          0          0         84   f2d.o
       430          8          0          0          0        168   faddsub_clz.o
       258          4          0          0          0         84   fmul.o
       140          4          0          0          0         84   fnaninf.o
         0          0          8          0          0          0   fpconst.o
        10          0          0          0          0         68   fretinf.o
       100          0          0          0          0         68   retnan.o
        92          0          0          0          0         68   scalbn.o
         4          0          0          0          0         68   scanf1.o
         8          0          0          0          0         84   scanf2.o
        48          0          0          0          0         68   trapv.o
         0          0          0          0          0          0   usenofp.o
       548         70        152          0          0        124   atan.o
       384         38          0          0          0        144   atan2.o
        42          0          0          0          0         84   atof.o
       172          8          0          0          0        112   cos.o
       252         22         48          0          0        124   cos_i.o
        16          6          0          0          0         68   dunder.o
        40          0          0          0          0         68   fpclassify.o
        88          8          0          0          0         76   frexp.o
       148          0          0          0          0        160   ldexp.o
       152          4          0          0          0        160   narrow.o
       170          0          0          0          0         96   poly.o
      2528        190        136          0          0        332   pow.o
         0          0          8          0          0          0   qnan.o
       904         72        200          0          0        140   rred.o
       176         10          0          0          0        116   sin.o
       236         12         40          0          0        128   sin_i.o
        76          0          0          0          0         84   sqrt.o

    ----------------------------------------------------------------------
     15692        958       1040          4         96       7684   Library Totals
        26          0          0          0          0          0   (incl. Padding)

    ----------------------------------------------------------------------

      Code (inc. data)   RO Data    RW Data    ZI Data      Debug   Library Name

      5464        250        448          4         96       3164   c_w.l
      4270        268          8          0          0       2504   fz_ws.l
      5932        440        584          0          0       2016   m_ws.l

    ----------------------------------------------------------------------
     15692        958       1040          4         96       7684   Library Totals

    ----------------------------------------------------------------------

==============================================================================


      Code (inc. data)   RO Data    RW Data    ZI Data      Debug   

     17692       1158       1692         68        964      18054   Grand Totals
     17692       1158       1692         68        964      18054   ELF Image Totals
     17692       1158       1692         68          0          0   ROM Totals

==============================================================================

    Total RO  Size (Code + RO Data)                19384 (  18.93kB)
    Total RW  Size (RW Data + ZI Data)              1032 (   1.01kB)
    Total ROM Size (Code + RO Data + RW Data)      19452 (  19.00kB)

==============================================================================

